Archive member included because of file (symbol)

/Users/nakagawayuki/git/RT-USB-PYROELECTRIC/LPCXpresso/workspace_THP/CMSISv1p30_LPC13xx/Debug/libCMSISv1p30_LPC13xx.a(system_LPC13xx.o)
                              ./src/PERIPHERAL/uart.o (SystemCoreClock)
/Applications/lpcxpresso_7.9.0_455/lpcxpresso/tools/bin/../lib/gcc/arm-none-eabi/4.9.3/../../../../arm-none-eabi/lib/armv7-m/libcr_semihost.a(_cr__main.o)
                              ./src/OTHER/cr_startup_lpc13xx.o (__main)
/Applications/lpcxpresso_7.9.0_455/lpcxpresso/tools/bin/../lib/gcc/arm-none-eabi/4.9.3/../../../../arm-none-eabi/lib/armv7-m/libcr_c.a(memcpy.o)
                              ./src/PERIPHERAL/debug.o (memcpy)
/Applications/lpcxpresso_7.9.0_455/lpcxpresso/tools/bin/../lib/gcc/arm-none-eabi/4.9.3/../../../../arm-none-eabi/lib/armv7-m/libcr_c.a(fpprintf.o)
                              ./src/PERIPHERAL/debug.o (vsprintf)
/Applications/lpcxpresso_7.9.0_455/lpcxpresso/tools/bin/../lib/gcc/arm-none-eabi/4.9.3/../../../../arm-none-eabi/lib/armv7-m/libcr_c.a(initio.o)
                              /Applications/lpcxpresso_7.9.0_455/lpcxpresso/tools/bin/../lib/gcc/arm-none-eabi/4.9.3/../../../../arm-none-eabi/lib/armv7-m/libcr_semihost.a(_cr__main.o) (_initio)
/Applications/lpcxpresso_7.9.0_455/lpcxpresso/tools/bin/../lib/gcc/arm-none-eabi/4.9.3/../../../../arm-none-eabi/lib/armv7-m/libcr_c.a(printf.o)
                              /Applications/lpcxpresso_7.9.0_455/lpcxpresso/tools/bin/../lib/gcc/arm-none-eabi/4.9.3/../../../../arm-none-eabi/lib/armv7-m/libcr_c.a(fpprintf.o) (__vfprintf)
/Applications/lpcxpresso_7.9.0_455/lpcxpresso/tools/bin/../lib/gcc/arm-none-eabi/4.9.3/../../../../arm-none-eabi/lib/armv7-m/libcr_c.a(setvbuf.o)
                              /Applications/lpcxpresso_7.9.0_455/lpcxpresso/tools/bin/../lib/gcc/arm-none-eabi/4.9.3/../../../../arm-none-eabi/lib/armv7-m/libcr_c.a(initio.o) (setvbuf)
/Applications/lpcxpresso_7.9.0_455/lpcxpresso/tools/bin/../lib/gcc/arm-none-eabi/4.9.3/../../../../arm-none-eabi/lib/armv7-m/libcr_c.a(stdio.o)
                              /Applications/lpcxpresso_7.9.0_455/lpcxpresso/tools/bin/../lib/gcc/arm-none-eabi/4.9.3/../../../../arm-none-eabi/lib/armv7-m/libcr_c.a(fpprintf.o) (__Ciob)
/Applications/lpcxpresso_7.9.0_455/lpcxpresso/tools/bin/../lib/gcc/arm-none-eabi/4.9.3/../../../../arm-none-eabi/lib/armv7-m/libcr_c.a(strlen.o)
                              /Applications/lpcxpresso_7.9.0_455/lpcxpresso/tools/bin/../lib/gcc/arm-none-eabi/4.9.3/../../../../arm-none-eabi/lib/armv7-m/libcr_c.a(printf.o) (strlen)
/Applications/lpcxpresso_7.9.0_455/lpcxpresso/tools/bin/../lib/gcc/arm-none-eabi/4.9.3/../../../../arm-none-eabi/lib/armv7-m/libcr_c.a(memset.o)
                              /Applications/lpcxpresso_7.9.0_455/lpcxpresso/tools/bin/../lib/gcc/arm-none-eabi/4.9.3/../../../../arm-none-eabi/lib/armv7-m/libcr_c.a(fpprintf.o) (memset)
/Applications/lpcxpresso_7.9.0_455/lpcxpresso/tools/bin/../lib/gcc/arm-none-eabi/4.9.3/../../../../arm-none-eabi/lib/armv7-m/libcr_c.a(__fillbuf.o)
                              /Applications/lpcxpresso_7.9.0_455/lpcxpresso/tools/bin/../lib/gcc/arm-none-eabi/4.9.3/../../../../arm-none-eabi/lib/armv7-m/libcr_c.a(stdio.o) (__filbuf)
/Applications/lpcxpresso_7.9.0_455/lpcxpresso/tools/bin/../lib/gcc/arm-none-eabi/4.9.3/../../../../arm-none-eabi/lib/armv7-m/libcr_c.a(_deferredlazyseek.o)
                              /Applications/lpcxpresso_7.9.0_455/lpcxpresso/tools/bin/../lib/gcc/arm-none-eabi/4.9.3/../../../../arm-none-eabi/lib/armv7-m/libcr_c.a(__fillbuf.o) (_deferredlazyseek)
/Applications/lpcxpresso_7.9.0_455/lpcxpresso/tools/bin/../lib/gcc/arm-none-eabi/4.9.3/../../../../arm-none-eabi/lib/armv7-m/libcr_c.a(_fdopen.o)
                              /Applications/lpcxpresso_7.9.0_455/lpcxpresso/tools/bin/../lib/gcc/arm-none-eabi/4.9.3/../../../../arm-none-eabi/lib/armv7-m/libcr_c.a(initio.o) (_fdopen)
/Applications/lpcxpresso_7.9.0_455/lpcxpresso/tools/bin/../lib/gcc/arm-none-eabi/4.9.3/../../../../arm-none-eabi/lib/armv7-m/libcr_c.a(_fflush.o)
                              /Applications/lpcxpresso_7.9.0_455/lpcxpresso/tools/bin/../lib/gcc/arm-none-eabi/4.9.3/../../../../arm-none-eabi/lib/armv7-m/libcr_c.a(__fillbuf.o) (_fflush)
/Applications/lpcxpresso_7.9.0_455/lpcxpresso/tools/bin/../lib/gcc/arm-none-eabi/4.9.3/../../../../arm-none-eabi/lib/armv7-m/libcr_c.a(_frexpl.o)
                              /Applications/lpcxpresso_7.9.0_455/lpcxpresso/tools/bin/../lib/gcc/arm-none-eabi/4.9.3/../../../../arm-none-eabi/lib/armv7-m/libcr_c.a(fpprintf.o) (_frexpl)
/Applications/lpcxpresso_7.9.0_455/lpcxpresso/tools/bin/../lib/gcc/arm-none-eabi/4.9.3/../../../../arm-none-eabi/lib/armv7-m/libcr_c.a(_ldexpl.o)
                              /Applications/lpcxpresso_7.9.0_455/lpcxpresso/tools/bin/../lib/gcc/arm-none-eabi/4.9.3/../../../../arm-none-eabi/lib/armv7-m/libcr_c.a(fpprintf.o) (_ldexpl)
[...]
Memory Configuration

Name             Origin             Length             Attributes
MFlash32         0x0000000000000000 0x0000000000008000 xr
RamLoc8          0x0000000010000000 0x0000000000002000 xrw
*default*        0x0000000000000000 0xffffffffffffffff

Linker script and memory map

LOAD ./src/USB/cdcuser.o
LOAD ./src/USB/usbcore.o
LOAD ./src/USB/usbdesc.o
LOAD ./src/USB/usbhw.o
LOAD ./src/USB/usbuser.o
LOAD ./src/PERIPHERAL/SystemTickTimer.o
LOAD ./src/PERIPHERAL/debug.o
LOAD ./src/PERIPHERAL/gpio.o
LOAD ./src/PERIPHERAL/i2c.o
LOAD ./src/PERIPHERAL/io.o
LOAD ./src/PERIPHERAL/timer.o
LOAD ./src/PERIPHERAL/uart.o
LOAD ./src/PERIPHERAL/usbTransmission.o
LOAD ./src/OTHER/cr_startup_lpc13xx.o
LOAD ./src/OTHER/crp.o
LOAD ./src/OTHER/serial.o
LOAD ./src/MAIN/MainFunction.o
LOAD ./src/MAIN/UserInterface.o
LOAD ./src/MAIN/bme280.o
LOAD ./src/MAIN/main.o
LOAD /Users/nakagawayuki/git/RT-USB-PYROELECTRIC/LPCXpresso/workspace_THP/CMSISv1p30_LPC13xx/Debug/libCMSISv1p30_LPC13xx.a
START GROUP
LOAD /Applications/lpcxpresso_7.9.0_455/lpcxpresso/tools/bin/../lib/gcc/arm-none-eabi/4.9.3/../../../../arm-none-eabi/lib/armv7-m/libcr_semihost.a
LOAD /Applications/lpcxpresso_7.9.0_455/lpcxpresso/tools/bin/../lib/gcc/arm-none-eabi/4.9.3/../../../../arm-none-eabi/lib/armv7-m/libcr_c.a
LOAD /Applications/lpcxpresso_7.9.0_455/lpcxpresso/tools/bin/../lib/gcc/arm-none-eabi/4.9.3/armv7-m/libcr_eabihelpers.a
END GROUP
                0x0000000000008000                __top_MFlash32 = 0x8000
                0x0000000000008000                __top_Flash = 0x8000
                0x0000000010002000                __top_RamLoc8 = 0x10002000
                0x0000000010002000                __top_RAM = 0x10002000

.text           0x0000000000000000     0x5238
 FILL mask 0xff
                0x0000000000000000                __vectors_start__ = ABSOLUTE (.)
 *(.isr_vector)
 .isr_vector    0x0000000000000000      0x128 ./src/OTHER/cr_startup_lpc13xx.o
                0x0000000000000000                g_pfnVectors
                0x0000000000000128                . = ALIGN (0x4)
                0x0000000000000128                __section_table_start = .
                0x0000000000000128                __data_section_table = .
                0x0000000000000128        0x4 LONG 0x5238 LOADADDR (.data)
                0x000000000000012c        0x4 LONG 0x10000000 ADDR (.data)
                0x0000000000000130        0x4 LONG 0x14 SIZEOF (.data)
                0x0000000000000134                __data_section_table_end = .
                0x0000000000000134                __bss_section_table = .
                0x0000000000000134        0x4 LONG 0x10000014 ADDR (.bss)
                0x0000000000000138        0x4 LONG 0x61c SIZEOF (.bss)
                0x000000000000013c                __bss_section_table_end = .
                0x000000000000013c                __section_table_end = .
 *(.after_vectors*)
 .after_vectors
                0x000000000000013c       0xa0 ./src/OTHER/cr_startup_lpc13xx.o
                0x000000000000013c                NMI_Handler
                0x0000000000000140                HardFault_Handler
                0x0000000000000144                MemManage_Handler
                0x0000000000000148                BusFault_Handler
                0x000000000000014c                UsageFault_Handler
                0x0000000000000150                SVC_Handler
                0x0000000000000154                DebugMon_Handler
                0x0000000000000158                PendSV_Handler
                0x0000000000000160                WAKEUP_IRQHandler
                0x0000000000000160                WDT_IRQHandler
                0x0000000000000160                FMC_IRQHandler
                0x0000000000000160                IntDefaultHandler
                0x0000000000000160                SSP_IRQHandler
                0x0000000000000160                TIMER16_1_IRQHandler
                0x0000000000000160                USB_FIQHandler
                0x0000000000000160                ADC_IRQHandler
                0x0000000000000160                SSP1_IRQHandler
                0x0000000000000160                BOD_IRQHandler
                0x0000000000000160                TIMER16_0_IRQHandler
                0x0000000000000164                data_init
                0x0000000000000180                bss_init
                0x0000000000000194                ResetISR
                0x00000000000002fc                . = 0x2fc
 *fill*         0x00000000000001dc      0x120 ff
                0x00000000000002fc                PROVIDE (__CRP_WORD_START__, .)
 *(.crp)
 .crp           0x00000000000002fc        0x4 ./src/OTHER/crp.o
                0x00000000000002fc                CRP_WORD
                0x0000000000000300                PROVIDE (__CRP_WORD_END__, .)
                0x0000000000000001                ASSERT (! ((__CRP_WORD_START__ == __CRP_WORD_END__)), Linker CRP Enabled, but no CRP_WORD provided within application)
 *(.text*)
 .text.CDC_WrOutBuf
                0x0000000000000300       0x2c ./src/USB/cdcuser.o
                0x0000000000000300                CDC_WrOutBuf
 .text.CDC_SendEncapsulatedCommand
                0x000000000000032c        0x4 ./src/USB/cdcuser.o
                0x000000000000032c                CDC_SendEncapsulatedCommand
 .text.CDC_GetEncapsulatedResponse
                0x0000000000000330        0x4 ./src/USB/cdcuser.o
                0x0000000000000330                CDC_GetEncapsulatedResponse
 .text.CDC_SetCommFeature
                0x0000000000000334        0x4 ./src/USB/cdcuser.o
                0x0000000000000334                CDC_SetCommFeature
 .text.CDC_GetCommFeature
                0x0000000000000338        0x4 ./src/USB/cdcuser.o
                0x0000000000000338                CDC_GetCommFeature
 .text.CDC_ClearCommFeature
                0x000000000000033c        0x4 ./src/USB/cdcuser.o
                0x000000000000033c                CDC_ClearCommFeature
 .text.CDC_SetLineCoding
                0x0000000000000340       0x48 ./src/USB/cdcuser.o
                0x0000000000000340                CDC_SetLineCoding
 .text.CDC_GetLineCoding
                0x0000000000000388       0x2c ./src/USB/cdcuser.o
                0x0000000000000388                CDC_GetLineCoding
 .text.CDC_SetControlLineState
                0x00000000000003b4        0x4 ./src/USB/cdcuser.o
                0x00000000000003b4                CDC_SetControlLineState
 .text.CDC_SendBreak
                0x00000000000003b8        0x4 ./src/USB/cdcuser.o
                0x00000000000003b8                CDC_SendBreak
 .text.CDC_BulkIn
                0x00000000000003bc       0x34 ./src/USB/cdcuser.o
                0x00000000000003bc                CDC_BulkIn
 .text.CDC_BulkOut
                0x00000000000003f0       0x24 ./src/USB/cdcuser.o
                0x00000000000003f0                CDC_BulkOut
 .text.CDC_GetSerialState
                0x0000000000000414       0xb0 ./src/USB/cdcuser.o
                0x0000000000000414                CDC_GetSerialState
 .text.CDC_NotificationIn
                0x00000000000004c4       0x40 ./src/USB/cdcuser.o
                0x00000000000004c4                CDC_NotificationIn
 .text.USB_ResetCore
                0x0000000000000504       0x38 ./src/USB/usbcore.o
                0x0000000000000504                USB_ResetCore
 .text.USB_SetupStage
                0x000000000000053c       0x10 ./src/USB/usbcore.o
                0x000000000000053c                USB_SetupStage
 .text.USB_DataInStage
                0x000000000000054c       0x28 ./src/USB/usbcore.o
                0x000000000000054c                USB_DataInStage
 .text.USB_DataOutStage
                0x0000000000000574       0x20 ./src/USB/usbcore.o
                0x0000000000000574                USB_DataOutStage
 .text.USB_StatusInStage
                0x0000000000000594       0x10 ./src/USB/usbcore.o
                0x0000000000000594                USB_StatusInStage
 .text.USB_StatusOutStage
                0x00000000000005a4       0x10 ./src/USB/usbcore.o
                0x00000000000005a4                USB_StatusOutStage
 .text.USB_EndPoint0
                0x00000000000005b4      0x83c ./src/USB/usbcore.o
                0x00000000000005b4                USB_EndPoint0
 .text.USBIOClkConfig
                0x0000000000000df0       0x60 ./src/USB/usbhw.o
                0x0000000000000df0                USBIOClkConfig
 .text.EPAdr    0x0000000000000e50       0x14 ./src/USB/usbhw.o
                0x0000000000000e50                EPAdr
 .text.WrCmd    0x0000000000000e64       0x1c ./src/USB/usbhw.o
                0x0000000000000e64                WrCmd
 .text.WrCmdDat
                0x0000000000000e80       0x10 ./src/USB/usbhw.o
                0x0000000000000e80                WrCmdDat
 .text.WrCmdEP  0x0000000000000e90       0x1c ./src/USB/usbhw.o
                0x0000000000000e90                WrCmdEP
 .text.RdCmdDat
                0x0000000000000eac       0x20 ./src/USB/usbhw.o
                0x0000000000000eac                RdCmdDat
 .text.USB_Connect
                0x0000000000000ecc       0x1c ./src/USB/usbhw.o
                0x0000000000000ecc                USB_Connect
 .text.USB_Reset
                0x0000000000000ee8       0x18 ./src/USB/usbhw.o
                0x0000000000000ee8                USB_Reset
 .text.USB_WakeUpCfg
                0x0000000000000f00        0x4 ./src/USB/usbhw.o
                0x0000000000000f00                USB_WakeUpCfg
 .text.USB_SetAddress
                0x0000000000000f04       0x24 ./src/USB/usbhw.o
                0x0000000000000f04                USB_SetAddress
 .text.USB_Init
                0x0000000000000f28       0x1c ./src/USB/usbhw.o
                0x0000000000000f28                USB_Init
 .text.USB_Configure
                0x0000000000000f44       0x1c ./src/USB/usbhw.o
                0x0000000000000f44                USB_Configure
 .text.USB_ConfigEP
                0x0000000000000f60        0x4 ./src/USB/usbhw.o
                0x0000000000000f60                USB_ConfigEP
 .text.USB_DirCtrlEP
                0x0000000000000f64        0x4 ./src/USB/usbhw.o
                0x0000000000000f64                USB_DirCtrlEP
 .text.USB_EnableEP
                0x0000000000000f68       0x1c ./src/USB/usbhw.o
                0x0000000000000f68                USB_EnableEP
 .text.USB_DisableEP
                0x0000000000000f84       0x1c ./src/USB/usbhw.o
                0x0000000000000f84                USB_DisableEP
 .text.USB_ResetEP
                0x0000000000000fa0       0x1c ./src/USB/usbhw.o
                0x0000000000000fa0                USB_ResetEP
 .text.USB_SetStallEP
                0x0000000000000fbc       0x1c ./src/USB/usbhw.o
                0x0000000000000fbc                USB_SetStallEP
 .text.USB_ClrStallEP
                0x0000000000000fd8       0x1c ./src/USB/usbhw.o
                0x0000000000000fd8                USB_ClrStallEP
 .text.USB_ReadEP
                0x0000000000000ff4       0x4c ./src/USB/usbhw.o
                0x0000000000000ff4                USB_ReadEP
 .text.USB_WriteEP
                0x0000000000001040       0x44 ./src/USB/usbhw.o
                0x0000000000001040                USB_WriteEP
 .text.USB_IRQHandler
                0x0000000000001084       0xbc ./src/USB/usbhw.o
                0x0000000000001084                USB_IRQHandler
 .text.USB_EndPoint1
                0x0000000000001140       0x24 ./src/USB/usbuser.o
                0x0000000000001140                USB_EndPoint1
 .text.USB_EndPoint3
                0x0000000000001164       0x18 ./src/USB/usbuser.o
                0x0000000000001164                USB_EndPoint3
 .text.USB_Reset_Event
                0x000000000000117c        0x8 ./src/USB/usbuser.o
                0x000000000000117c                USB_Reset_Event
 .text.USB_Suspend_Event
                0x0000000000001184        0x4 ./src/USB/usbuser.o
                0x0000000000001184                USB_Suspend_Event
 .text.USB_Resume_Event
                0x0000000000001188        0x4 ./src/USB/usbuser.o
                0x0000000000001188                USB_Resume_Event
 .text.USB_Configure_Event
                0x000000000000118c        0x4 ./src/USB/usbuser.o
                0x000000000000118c                USB_Configure_Event
 .text.initSystemTickTimer
                0x0000000000001190       0x24 ./src/PERIPHERAL/SystemTickTimer.o
 .text.wait1msec
                0x00000000000011b4       0x40 ./src/PERIPHERAL/SystemTickTimer.o
                0x00000000000011b4                wait1msec
 .text.SysTick_Handler
                0x00000000000011f4       0x1c ./src/PERIPHERAL/SystemTickTimer.o
                0x00000000000011f4                SysTick_Handler
 .text.myPrintfUSB
                0x0000000000001210       0x3c ./src/PERIPHERAL/debug.o
                0x0000000000001210                myPrintfUSB
 .text.myPrintfUART
                0x000000000000124c       0x30 ./src/PERIPHERAL/debug.o
                0x000000000000124c                myPrintfUART
 .text.GPIOInit
                0x000000000000127c       0x34 ./src/PERIPHERAL/gpio.o
                0x000000000000127c                GPIOInit
 .text.GPIOIntStatus
                0x00000000000012b0       0x7c ./src/PERIPHERAL/gpio.o
                0x00000000000012b0                GPIOIntStatus
 .text.GPIOIntClear
                0x000000000000132c       0x68 ./src/PERIPHERAL/gpio.o
                0x000000000000132c                GPIOIntClear
 .text.PIOINT1_IRQHandler
                0x0000000000001394       0x30 ./src/PERIPHERAL/gpio.o
                0x0000000000001394                PIOINT1_IRQHandler
 .text.PIOINT2_IRQHandler
                0x00000000000013c4       0x30 ./src/PERIPHERAL/gpio.o
                0x00000000000013c4                PIOINT2_IRQHandler
 .text.PIOINT3_IRQHandler
                0x00000000000013f4       0x30 ./src/PERIPHERAL/gpio.o
                0x00000000000013f4                PIOINT3_IRQHandler
 .text.GPIOSetDir
                0x0000000000001424       0x34 ./src/PERIPHERAL/gpio.o
                0x0000000000001424                GPIOSetDir
 .text.PIOINT0_IRQHandler
                0x0000000000001458       0x2c ./src/PERIPHERAL/gpio.o
                0x0000000000001458                PIOINT0_IRQHandler
 .text.I2C_IRQHandler
                0x0000000000001484      0x244 ./src/PERIPHERAL/i2c.o
                0x0000000000001484                I2C_IRQHandler
 .text.I2CStart
                0x00000000000016c8       0x2c ./src/PERIPHERAL/i2c.o
                0x00000000000016c8                I2CStart
 .text.I2CStop  0x00000000000016f4       0x1c ./src/PERIPHERAL/i2c.o
                0x00000000000016f4                I2CStop
 .text.I2CInit  0x0000000000001710       0x70 ./src/PERIPHERAL/i2c.o
                0x0000000000001710                I2CInit
 .text.I2CEngine
                0x0000000000001780       0x38 ./src/PERIPHERAL/i2c.o
                0x0000000000001780                I2CEngine
 .text.initIO   0x00000000000017b8       0x30 ./src/PERIPHERAL/io.o
                0x00000000000017b8                initIO
 .text.initTimer32_0
                0x00000000000017e8       0x40 ./src/PERIPHERAL/timer.o
                0x00000000000017e8                initTimer32_0
 .text.startTimer32_0
                0x0000000000001828        0xc ./src/PERIPHERAL/timer.o
                0x0000000000001828                startTimer32_0
 .text.initTimer32_1
                0x0000000000001834       0x44 ./src/PERIPHERAL/timer.o
                0x0000000000001834                initTimer32_1
 .text.startTimer32_1
                0x0000000000001878        0xc ./src/PERIPHERAL/timer.o
                0x0000000000001878                startTimer32_1
 .text.UART_IRQHandler
                0x0000000000001884       0xb0 ./src/PERIPHERAL/uart.o
                0x0000000000001884                UART_IRQHandler
 .text.UARTInit
                0x0000000000001934       0xd4 ./src/PERIPHERAL/uart.o
                0x0000000000001934                UARTInit
 .text.UARTSend
                0x0000000000001a08       0x2c ./src/PERIPHERAL/uart.o
                0x0000000000001a08                UARTSend
 .text.VCOM_SendData
                0x0000000000001a34       0x30 ./src/PERIPHERAL/usbTransmission.o
                0x0000000000001a34                VCOM_SendData
 .text.VCOM_CheckState
                0x0000000000001a64       0x20 ./src/PERIPHERAL/usbTransmission.o
                0x0000000000001a64                VCOM_CheckState
 .text.tryUSBConnect
                0x0000000000001a84       0x88 ./src/PERIPHERAL/usbTransmission.o
                0x0000000000001a84                tryUSBConnect
 .text.isUSBConfig
                0x0000000000001b0c        0xc ./src/PERIPHERAL/usbTransmission.o
                0x0000000000001b0c                isUSBConfig
 .text.ser_OpenPort
                0x0000000000001b18       0x5c ./src/OTHER/serial.o
                0x0000000000001b18                ser_OpenPort
 .text.ser_ClosePort
                0x0000000000001b74       0x38 ./src/OTHER/serial.o
                0x0000000000001b74                ser_ClosePort
 .text.ser_InitPort
                0x0000000000001bac       0xc8 ./src/OTHER/serial.o
                0x0000000000001bac                ser_InitPort
 .text.ser_Read
                0x0000000000001c74       0x3c ./src/OTHER/serial.o
                0x0000000000001c74                ser_Read
 .text.ser_AvailChar
                0x0000000000001cb0       0x18 ./src/OTHER/serial.o
                0x0000000000001cb0                ser_AvailChar
 .text.ser_LineState
                0x0000000000001cc8       0x10 ./src/OTHER/serial.o
                0x0000000000001cc8                ser_LineState
 .text.initMainFunction
                0x0000000000001cd8        0x8 ./src/MAIN/MainFunction.o
                0x0000000000001cd8                initMainFunction
 .text.setSendDataEnable
                0x0000000000001ce0        0xc ./src/MAIN/MainFunction.o
                0x0000000000001ce0                setSendDataEnable
 .text.TIMER32_1_IRQHandler
                0x0000000000001cec       0xf8 ./src/MAIN/MainFunction.o
                0x0000000000001cec                TIMER32_1_IRQHandler
 .text.setStateLED
                0x0000000000001de4       0x28 ./src/MAIN/UserInterface.o
 .text.initUI   0x0000000000001e0c        0x8 ./src/MAIN/UserInterface.o
                0x0000000000001e0c                initUI
 .text.getStateSW
                0x0000000000001e14       0x14 ./src/MAIN/UserInterface.o
                0x0000000000001e14                getStateSW
 .text.turnLED  0x0000000000001e28       0x14 ./src/MAIN/UserInterface.o
                0x0000000000001e28                turnLED
 .text.flashLED
                0x0000000000001e3c       0x1c ./src/MAIN/UserInterface.o
                0x0000000000001e3c                flashLED
 .text.TIMER32_0_IRQHandler
                0x0000000000001e58       0x98 ./src/MAIN/UserInterface.o
                0x0000000000001e58                TIMER32_0_IRQHandler
 .text.bme280_init
                0x0000000000001ef0       0x78 ./src/MAIN/bme280.o
                0x0000000000001ef0                bme280_init
 .text.get_rawdata
                0x0000000000001f68       0x9c ./src/MAIN/bme280.o
                0x0000000000001f68                get_rawdata
 .text.get_trimdata
                0x0000000000002004      0x21c ./src/MAIN/bme280.o
                0x0000000000002004                get_trimdata
 .text.BME280_compensate_T_double
                0x0000000000002220       0xec ./src/MAIN/bme280.o
                0x0000000000002220                BME280_compensate_T_double
 *fill*         0x000000000000230c        0x4 
 .text.BME280_compensate_P_double
                0x0000000000002310      0x248 ./src/MAIN/bme280.o
                0x0000000000002310                BME280_compensate_P_double
 .text.bme280_compensate_H_double
                0x0000000000002558      0x184 ./src/MAIN/bme280.o
                0x0000000000002558                bme280_compensate_H_double
 .text.init     0x00000000000026dc       0x50 ./src/MAIN/main.o
                0x00000000000026dc                init
 .text.main     0x000000000000272c       0x94 ./src/MAIN/main.o
                0x000000000000272c                main
 .text.__NOP    0x00000000000027c0       0x10 /Users/nakagawayuki/git/RT-USB-PYROELECTRIC/LPCXpresso/workspace_THP/CMSISv1p30_LPC13xx/Debug/libCMSISv1p30_LPC13xx.a(system_LPC13xx.o)
 .text.SystemInit
                0x00000000000027d0      0x120 /Users/nakagawayuki/git/RT-USB-PYROELECTRIC/LPCXpresso/workspace_THP/CMSISv1p30_LPC13xx/Debug/libCMSISv1p30_LPC13xx.a(system_LPC13xx.o)
                0x00000000000027d0                SystemInit
 .text.__main   0x00000000000028f0       0x14 /Applications/lpcxpresso_7.9.0_455/lpcxpresso/tools/bin/../lib/gcc/arm-none-eabi/4.9.3/../../../../arm-none-eabi/lib/armv7-m/libcr_semihost.a(_cr__main.o)
                0x00000000000028f0                __main
                0x00000000000028f0                __CR_SEMIHOST
 .text.memcpy   0x0000000000002904        0x4 /Applications/lpcxpresso_7.9.0_455/lpcxpresso/tools/bin/../lib/gcc/arm-none-eabi/4.9.3/../../../../arm-none-eabi/lib/armv7-m/libcr_c.a(memcpy.o)
                0x0000000000002904                memcpy
 .text.fp_round
                0x0000000000002908       0x4a /Applications/lpcxpresso_7.9.0_455/lpcxpresso/tools/bin/../lib/gcc/arm-none-eabi/4.9.3/../../../../arm-none-eabi/lib/armv7-m/libcr_c.a(fpprintf.o)
 .text.pr_dec.constprop.1
                0x0000000000002952       0x26 /Applications/lpcxpresso_7.9.0_455/lpcxpresso/tools/bin/../lib/gcc/arm-none-eabi/4.9.3/../../../../arm-none-eabi/lib/armv7-m/libcr_c.a(fpprintf.o)
 .text.sprintf  0x0000000000002978       0x6c /Applications/lpcxpresso_7.9.0_455/lpcxpresso/tools/bin/../lib/gcc/arm-none-eabi/4.9.3/../../../../arm-none-eabi/lib/armv7-m/libcr_c.a(fpprintf.o)
                0x0000000000002978                sprintf
 *fill*         0x00000000000029e4        0x4 
 .text.fp_display
                0x00000000000029e8      0x900 /Applications/lpcxpresso_7.9.0_455/lpcxpresso/tools/bin/../lib/gcc/arm-none-eabi/4.9.3/../../../../arm-none-eabi/lib/armv7-m/libcr_c.a(fpprintf.o)
 .text.vsprintf
                0x00000000000032e8       0x5c /Applications/lpcxpresso_7.9.0_455/lpcxpresso/tools/bin/../lib/gcc/arm-none-eabi/4.9.3/../../../../arm-none-eabi/lib/armv7-m/libcr_c.a(fpprintf.o)
                0x00000000000032e8                vsprintf
 .text._initio  0x0000000000003344       0xa4 /Applications/lpcxpresso_7.9.0_455/lpcxpresso/tools/bin/../lib/gcc/arm-none-eabi/4.9.3/../../../../arm-none-eabi/lib/armv7-m/libcr_c.a(initio.o)
                0x0000000000003344                _initio
 .text.__vfprintf
                0x00000000000033e8      0xca4 /Applications/lpcxpresso_7.9.0_455/lpcxpresso/tools/bin/../lib/gcc/arm-none-eabi/4.9.3/../../../../arm-none-eabi/lib/armv7-m/libcr_c.a(printf.o)
                0x00000000000033e8                __vfprintf
 .text.setvbuf  0x000000000000408c       0x40 /Applications/lpcxpresso_7.9.0_455/lpcxpresso/tools/bin/../lib/gcc/arm-none-eabi/4.9.3/../../../../arm-none-eabi/lib/armv7-m/libcr_c.a(setvbuf.o)
                0x000000000000408c                setvbuf
 .text.strlen   0x00000000000040cc       0x4a /Applications/lpcxpresso_7.9.0_455/lpcxpresso/tools/bin/../lib/gcc/arm-none-eabi/4.9.3/../../../../arm-none-eabi/lib/armv7-m/libcr_c.a(strlen.o)
                0x00000000000040cc                strlen
 .text.memset   0x0000000000004116        0x4 /Applications/lpcxpresso_7.9.0_455/lpcxpresso/tools/bin/../lib/gcc/arm-none-eabi/4.9.3/../../../../arm-none-eabi/lib/armv7-m/libcr_c.a(memset.o)
                0x0000000000004116                memset
 .text._deferredlazyseek
                0x000000000000411a       0x44 /Applications/lpcxpresso_7.9.0_455/lpcxpresso/tools/bin/../lib/gcc/arm-none-eabi/4.9.3/../../../../arm-none-eabi/lib/armv7-m/libcr_c.a(_deferredlazyseek.o)
                0x000000000000411a                _deferredlazyseek
 .text.__flsbuf
                0x000000000000415e      0x142 /Applications/lpcxpresso_7.9.0_455/lpcxpresso/tools/bin/../lib/gcc/arm-none-eabi/4.9.3/../../../../arm-none-eabi/lib/armv7-m/libcr_c.a(_deferredlazyseek.o)
                0x000000000000415e                __flsbuf
 .text._fdopen  0x00000000000042a0       0x6a /Applications/lpcxpresso_7.9.0_455/lpcxpresso/tools/bin/../lib/gcc/arm-none-eabi/4.9.3/../../../../arm-none-eabi/lib/armv7-m/libcr_c.a(_fdopen.o)
                0x00000000000042a0                _fdopen
 .text._fflush  0x000000000000430a       0x58 /Applications/lpcxpresso_7.9.0_455/lpcxpresso/tools/bin/../lib/gcc/arm-none-eabi/4.9.3/../../../../arm-none-eabi/lib/armv7-m/libcr_c.a(_fflush.o)
                0x000000000000430a                _fflush
 .text._frexpl  0x0000000000004362       0x5a /Applications/lpcxpresso_7.9.0_455/lpcxpresso/tools/bin/../lib/gcc/arm-none-eabi/4.9.3/../../../../arm-none-eabi/lib/armv7-m/libcr_c.a(_frexpl.o)
                0x0000000000004362                _frexpl
 .text._ldexpl  0x00000000000043bc       0x4c /Applications/lpcxpresso_7.9.0_455/lpcxpresso/tools/bin/../lib/gcc/arm-none-eabi/4.9.3/../../../../arm-none-eabi/lib/armv7-m/libcr_c.a(_ldexpl.o)
                0x00000000000043bc                _ldexpl
 .text._Cwritebuf
                0x0000000000004408       0x68 /Applications/lpcxpresso_7.9.0_455/lpcxpresso/tools/bin/../lib/gcc/arm-none-eabi/4.9.3/../../../../arm-none-eabi/lib/armv7-m/libcr_c.a(_writebuf.o)
                0x0000000000004408                _Cwritebuf
 .text.malloc   0x0000000000004470       0xcc /Applications/lpcxpresso_7.9.0_455/lpcxpresso/tools/bin/../lib/gcc/arm-none-eabi/4.9.3/../../../../arm-none-eabi/lib/armv7-m/libcr_c.a(alloc.o)
                0x0000000000004470                malloc
 .text.free     0x000000000000453c       0x30 /Applications/lpcxpresso_7.9.0_455/lpcxpresso/tools/bin/../lib/gcc/arm-none-eabi/4.9.3/../../../../arm-none-eabi/lib/armv7-m/libcr_c.a(alloc.o)
                0x000000000000453c                free
 .text._Csys_alloc
                0x000000000000456c       0x20 /Applications/lpcxpresso_7.9.0_455/lpcxpresso/tools/bin/../lib/gcc/arm-none-eabi/4.9.3/../../../../arm-none-eabi/lib/armv7-m/libcr_c.a(alloc.o)
                0x000000000000456c                _Csys_alloc
 .text.fclose   0x000000000000458c       0x6c /Applications/lpcxpresso_7.9.0_455/lpcxpresso/tools/bin/../lib/gcc/arm-none-eabi/4.9.3/../../../../arm-none-eabi/lib/armv7-m/libcr_c.a(fclose.o)
                0x000000000000458c                fclose
 .text.fflush   0x00000000000045f8       0x30 /Applications/lpcxpresso_7.9.0_455/lpcxpresso/tools/bin/../lib/gcc/arm-none-eabi/4.9.3/../../../../arm-none-eabi/lib/armv7-m/libcr_c.a(fflush.o)
                0x00000000000045f8                fflush
 .text.fseek    0x0000000000004628      0x110 /Applications/lpcxpresso_7.9.0_455/lpcxpresso/tools/bin/../lib/gcc/arm-none-eabi/4.9.3/../../../../arm-none-eabi/lib/armv7-m/libcr_c.a(fseek.o)
                0x0000000000004628                fseek
 .text.ftell    0x0000000000004738       0x4c /Applications/lpcxpresso_7.9.0_455/lpcxpresso/tools/bin/../lib/gcc/arm-none-eabi/4.9.3/../../../../arm-none-eabi/lib/armv7-m/libcr_c.a(ftell.o)
                0x0000000000004738                ftell
 .text.remove   0x0000000000004784       0x14 /Applications/lpcxpresso_7.9.0_455/lpcxpresso/tools/bin/../lib/gcc/arm-none-eabi/4.9.3/../../../../arm-none-eabi/lib/armv7-m/libcr_c.a(remove.o)
                0x0000000000004784                remove
 .text._sbrk    0x0000000000004798       0x40 /Applications/lpcxpresso_7.9.0_455/lpcxpresso/tools/bin/../lib/gcc/arm-none-eabi/4.9.3/../../../../arm-none-eabi/lib/armv7-m/libcr_c.a(_cr_sbrk.o)
                0x0000000000004798                _sbrk
 .text._do_fflush
                0x00000000000047d8       0x44 /Applications/lpcxpresso_7.9.0_455/lpcxpresso/tools/bin/../lib/gcc/arm-none-eabi/4.9.3/../../../../arm-none-eabi/lib/armv7-m/libcr_c.a(_do_fflush.o)
                0x00000000000047d8                _do_fflush
 .text.__check_heap_overflow
                0x000000000000481c       0x18 /Applications/lpcxpresso_7.9.0_455/lpcxpresso/tools/bin/../lib/gcc/arm-none-eabi/4.9.3/../../../../arm-none-eabi/lib/armv7-m/libcr_c.a(_cr_check_heap.o)
                0x000000000000481c                __check_heap_overflow
 .text.__aeabi_dmul
                0x0000000000004834      0x120 /Applications/lpcxpresso_7.9.0_455/lpcxpresso/tools/bin/../lib/gcc/arm-none-eabi/4.9.3/armv7-m/libcr_eabihelpers.a(double.o)
                0x0000000000004834                __aeabi_dmul
 .text.__aeabi_ddiv
                0x0000000000004954      0x150 /Applications/lpcxpresso_7.9.0_455/lpcxpresso/tools/bin/../lib/gcc/arm-none-eabi/4.9.3/armv7-m/libcr_eabihelpers.a(double.o)
                0x0000000000004954                __aeabi_ddiv
 .text.__aeabi_dsub
                0x0000000000004aa4      0x1d8 /Applications/lpcxpresso_7.9.0_455/lpcxpresso/tools/bin/../lib/gcc/arm-none-eabi/4.9.3/armv7-m/libcr_eabihelpers.a(double.o)
                0x0000000000004aa4                __aeabi_dsub
 .text.__aeabi_dadd
                0x0000000000004c7c      0x134 /Applications/lpcxpresso_7.9.0_455/lpcxpresso/tools/bin/../lib/gcc/arm-none-eabi/4.9.3/armv7-m/libcr_eabihelpers.a(double.o)
                0x0000000000004c7c                __aeabi_dadd
 .text.__aeabi_d2iz
                0x0000000000004db0       0x40 /Applications/lpcxpresso_7.9.0_455/lpcxpresso/tools/bin/../lib/gcc/arm-none-eabi/4.9.3/armv7-m/libcr_eabihelpers.a(double.o)
                0x0000000000004db0                __aeabi_d2iz
 .text.__bhs_ui2d
                0x0000000000004df0       0x48 /Applications/lpcxpresso_7.9.0_455/lpcxpresso/tools/bin/../lib/gcc/arm-none-eabi/4.9.3/armv7-m/libcr_eabihelpers.a(double.o)
                0x0000000000004df0                __bhs_ui2d
 .text.__aeabi_i2d
                0x0000000000004e38       0x14 /Applications/lpcxpresso_7.9.0_455/lpcxpresso/tools/bin/../lib/gcc/arm-none-eabi/4.9.3/armv7-m/libcr_eabihelpers.a(double.o)
                0x0000000000004e38                __aeabi_i2d
 .text.__aeabi_ui2d
                0x0000000000004e4c        0x8 /Applications/lpcxpresso_7.9.0_455/lpcxpresso/tools/bin/../lib/gcc/arm-none-eabi/4.9.3/armv7-m/libcr_eabihelpers.a(double.o)
                0x0000000000004e4c                __aeabi_ui2d
 .text.__aeabi_dcmpeq
                0x0000000000004e54       0x2c /Applications/lpcxpresso_7.9.0_455/lpcxpresso/tools/bin/../lib/gcc/arm-none-eabi/4.9.3/armv7-m/libcr_eabihelpers.a(double.o)
                0x0000000000004e54                __aeabi_dcmpeq
 .text.__aeabi_dcmplt
                0x0000000000004e80       0x5c /Applications/lpcxpresso_7.9.0_455/lpcxpresso/tools/bin/../lib/gcc/arm-none-eabi/4.9.3/armv7-m/libcr_eabihelpers.a(double.o)
                0x0000000000004e80                __aeabi_dcmplt
 .text.__aeabi_dcmpgt
                0x0000000000004edc       0x5c /Applications/lpcxpresso_7.9.0_455/lpcxpresso/tools/bin/../lib/gcc/arm-none-eabi/4.9.3/armv7-m/libcr_eabihelpers.a(double.o)
                0x0000000000004edc                __aeabi_dcmpgt
 .text.__aeabi_dcmple
                0x0000000000004f38       0x5c /Applications/lpcxpresso_7.9.0_455/lpcxpresso/tools/bin/../lib/gcc/arm-none-eabi/4.9.3/armv7-m/libcr_eabihelpers.a(double.o)
                0x0000000000004f38                __aeabi_dcmple
 .text.__aeabi_dcmpge
                0x0000000000004f94       0x5c /Applications/lpcxpresso_7.9.0_455/lpcxpresso/tools/bin/../lib/gcc/arm-none-eabi/4.9.3/armv7-m/libcr_eabihelpers.a(double.o)
                0x0000000000004f94                __aeabi_dcmpge
 .text.__aeabi_memcpy
                0x0000000000004ff0       0x34 /Applications/lpcxpresso_7.9.0_455/lpcxpresso/tools/bin/../lib/gcc/arm-none-eabi/4.9.3/armv7-m/libcr_eabihelpers.a(memcpy.o)
                0x0000000000004ff0                __aeabi_memcpy
                0x0000000000004ffa                __aeabi_memcpy4
                0x0000000000004ffa                __aeabi_memcpy8
 .text.__aeabi_memset_lowlevel
                0x0000000000005024       0x32 /Applications/lpcxpresso_7.9.0_455/lpcxpresso/tools/bin/../lib/gcc/arm-none-eabi/4.9.3/armv7-m/libcr_eabihelpers.a(memcpy.o)
                0x0000000000005024                __aeabi_lowlevel_memset
 *fill*         0x0000000000005056        0x2 
 .text.__sys_appexit
                0x0000000000005058        0xc /Applications/lpcxpresso_7.9.0_455/lpcxpresso/tools/bin/../lib/gcc/arm-none-eabi/4.9.3/../../../../arm-none-eabi/lib/armv7-m/libcr_semihost.a(__sys_appexit.o)
                0x0000000000005058                __exit
                0x0000000000005058                __sys_appexit
 .text.__sys_close
                0x0000000000005064        0xc /Applications/lpcxpresso_7.9.0_455/lpcxpresso/tools/bin/../lib/gcc/arm-none-eabi/4.9.3/../../../../arm-none-eabi/lib/armv7-m/libcr_semihost.a(__sys_close.o)
                0x0000000000005064                __sys_close
 .text.__sys_flen
                0x0000000000005070        0xc /Applications/lpcxpresso_7.9.0_455/lpcxpresso/tools/bin/../lib/gcc/arm-none-eabi/4.9.3/../../../../arm-none-eabi/lib/armv7-m/libcr_semihost.a(__sys_flen.o)
                0x0000000000005070                __sys_flen
 .text.__sys_istty
                0x000000000000507c        0xc /Applications/lpcxpresso_7.9.0_455/lpcxpresso/tools/bin/../lib/gcc/arm-none-eabi/4.9.3/../../../../arm-none-eabi/lib/armv7-m/libcr_semihost.a(__sys_istty.o)
                0x000000000000507c                __sys_istty
 .text.__sys_remove
                0x0000000000005088        0xc /Applications/lpcxpresso_7.9.0_455/lpcxpresso/tools/bin/../lib/gcc/arm-none-eabi/4.9.3/../../../../arm-none-eabi/lib/armv7-m/libcr_semihost.a(__sys_remove.o)
                0x0000000000005088                __sys_remove
 .text.__sys_seek
                0x0000000000005094        0xc /Applications/lpcxpresso_7.9.0_455/lpcxpresso/tools/bin/../lib/gcc/arm-none-eabi/4.9.3/../../../../arm-none-eabi/lib/armv7-m/libcr_semihost.a(__sys_seek.o)
                0x0000000000005094                __sys_seek
 .text.__sys_tmpnam
                0x00000000000050a0        0xc /Applications/lpcxpresso_7.9.0_455/lpcxpresso/tools/bin/../lib/gcc/arm-none-eabi/4.9.3/../../../../arm-none-eabi/lib/armv7-m/libcr_semihost.a(__sys_tmpnam.o)
                0x00000000000050a0                __sys_tmpnam
 .text.__sys_write
                0x00000000000050ac        0xc /Applications/lpcxpresso_7.9.0_455/lpcxpresso/tools/bin/../lib/gcc/arm-none-eabi/4.9.3/../../../../arm-none-eabi/lib/armv7-m/libcr_semihost.a(__sys_write.o)
                0x00000000000050ac                __write
                0x00000000000050ac                __sys_write
 *(.rodata .rodata.* .constdata .constdata.*)
 .rodata.USB_ConfigDescriptor
                0x00000000000050b8       0x44 ./src/USB/usbdesc.o
                0x00000000000050b8                USB_ConfigDescriptor
 .rodata.USB_StringDescriptor
                0x00000000000050fc       0x4a ./src/USB/usbdesc.o
                0x00000000000050fc                USB_StringDescriptor
 *fill*         0x0000000000005146        0x2 
 .rodata.USB_DeviceDescriptor
                0x0000000000005148       0x12 ./src/USB/usbdesc.o
                0x0000000000005148                USB_DeviceDescriptor
 *fill*         0x000000000000515a        0x2 
 .rodata.USB_P_EP
                0x000000000000515c       0x14 ./src/USB/usbuser.o
                0x000000000000515c                USB_P_EP
 .rodata.LPC_GPIO
                0x0000000000005170       0x10 ./src/PERIPHERAL/gpio.o
 .rodata.str1.4
                0x0000000000005180       0x1a ./src/MAIN/MainFunction.o
 *fill*         0x000000000000519a        0x2 
 .rodata.str1.4
                0x000000000000519c        0xc ./src/MAIN/main.o
                                          0xa (size before relaxing)
 .rodata.str1.1
                0x00000000000051a8       0x34 /Applications/lpcxpresso_7.9.0_455/lpcxpresso/tools/bin/../lib/gcc/arm-none-eabi/4.9.3/../../../../arm-none-eabi/lib/armv7-m/libcr_c.a(fpprintf.o)
                                         0x35 (size before relaxing)
 .rodata.str1.1
                0x00000000000051dc        0x4 /Applications/lpcxpresso_7.9.0_455/lpcxpresso/tools/bin/../lib/gcc/arm-none-eabi/4.9.3/../../../../arm-none-eabi/lib/armv7-m/libcr_c.a(initio.o)
 .rodata.str1.1
                0x00000000000051e0       0x31 /Applications/lpcxpresso_7.9.0_455/lpcxpresso/tools/bin/../lib/gcc/arm-none-eabi/4.9.3/../../../../arm-none-eabi/lib/armv7-m/libcr_c.a(printf.o)
                                         0x38 (size before relaxing)
 .rodata.str1.1
                0x0000000000005211       0x18 /Applications/lpcxpresso_7.9.0_455/lpcxpresso/tools/bin/../lib/gcc/arm-none-eabi/4.9.3/../../../../arm-none-eabi/lib/armv7-m/libcr_c.a(alloc.o)
 *fill*         0x0000000000005229        0x7 
 .rodata.__huge_vall
                0x0000000000005230        0x8 /Applications/lpcxpresso_7.9.0_455/lpcxpresso/tools/bin/../lib/gcc/arm-none-eabi/4.9.3/../../../../arm-none-eabi/lib/armv7-m/libcr_c.a(_hugeval.o)
                0x0000000000005230                __huge_vall
                0x0000000000005238                . = ALIGN (0x4)

.glue_7         0x0000000000005238        0x0
 .glue_7        0x0000000000000000        0x0 linker stubs

.glue_7t        0x0000000000005238        0x0
 .glue_7t       0x0000000000000000        0x0 linker stubs

.vfp11_veneer   0x0000000000005238        0x0
 .vfp11_veneer  0x0000000000000000        0x0 linker stubs

.v4_bx          0x0000000000005238        0x0
 .v4_bx         0x0000000000000000        0x0 linker stubs

.iplt           0x0000000000005238        0x0
 .iplt          0x0000000000000000        0x0 ./src/USB/cdcuser.o

.rel.dyn        0x0000000000005238        0x0
 .rel.iplt      0x0000000000000000        0x0 ./src/USB/cdcuser.o

.ARM.extab
 *(.ARM.extab* .gnu.linkonce.armextab.*)
                0x0000000000005238                __exidx_start = .

.ARM.exidx
 *(.ARM.exidx* .gnu.linkonce.armexidx.*)
                0x0000000000005238                __exidx_end = .
                0x0000000000005238                _etext = .

.uninit_RESERVED
                0x0000000010000000        0x0
 *(.bss.$RESERVED*)
                0x0000000010000000                . = ALIGN (0x4)
                0x0000000010000000                _end_uninit_RESERVED = .

.data           0x0000000010000000       0x14 load address 0x0000000000005238
 FILL mask 0xff
                0x0000000010000000                _data = .
 *(vtable)
 *(.ramfunc*)
 *(.data*)
 .data.CDC_DepInEmpty
                0x0000000010000000        0x2 ./src/USB/cdcuser.o
                0x0000000010000000                CDC_DepInEmpty
 *fill*         0x0000000010000002        0x2 
 .data.CDC_LineCoding
                0x0000000010000004        0x7 ./src/USB/cdcuser.o
                0x0000000010000004                CDC_LineCoding
 .data.UARTTxEmpty
                0x000000001000000b        0x1 ./src/PERIPHERAL/uart.o
                0x000000001000000b                UARTTxEmpty
 .data.off_count_LED
                0x000000001000000c        0x2 ./src/MAIN/UserInterface.o
 *fill*         0x000000001000000e        0x2 
 .data          0x0000000010000010        0x4 /Users/nakagawayuki/git/RT-USB-PYROELECTRIC/LPCXpresso/workspace_THP/CMSISv1p30_LPC13xx/Debug/libCMSISv1p30_LPC13xx.a(system_LPC13xx.o)
                0x0000000010000010                SystemCoreClock
                0x0000000010000014                . = ALIGN (0x4)
                0x0000000010000014                _edata = .

.igot.plt       0x0000000010000014        0x0 load address 0x000000000000524c
 .igot.plt      0x0000000000000000        0x0 ./src/USB/cdcuser.o

.bss            0x0000000010000014      0x61c load address 0x000000000000524c
                0x0000000010000014                _bss = .
 *(.bss*)
 .bss.CDC_SerialState
                0x0000000010000014        0x2 ./src/USB/cdcuser.o
                0x0000000010000014                CDC_SerialState
 .bss.serialState.4049
                0x0000000010000016        0x2 ./src/USB/usbuser.o
 .bss.systick_wait_count
                0x0000000010000018        0x4 ./src/PERIPHERAL/SystemTickTimer.o
 .bss.systick_time_count
                0x000000001000001c        0x4 ./src/PERIPHERAL/SystemTickTimer.o
 .bss.systick_handler_state
                0x0000000010000020        0x1 ./src/PERIPHERAL/SystemTickTimer.o
 *fill*         0x0000000010000021        0x3 
 .bss.buffer.4610
                0x0000000010000024       0x64 ./src/PERIPHERAL/debug.o
 .bss.gpio3_counter
                0x0000000010000088        0x4 ./src/PERIPHERAL/gpio.o
                0x0000000010000088                gpio3_counter
 .bss.gpio1_counter
                0x000000001000008c        0x4 ./src/PERIPHERAL/gpio.o
                0x000000001000008c                gpio1_counter
 .bss.p3_1_counter
                0x0000000010000090        0x4 ./src/PERIPHERAL/gpio.o
                0x0000000010000090                p3_1_counter
 .bss.gpio2_counter
                0x0000000010000094        0x4 ./src/PERIPHERAL/gpio.o
                0x0000000010000094                gpio2_counter
 .bss.p0_1_counter
                0x0000000010000098        0x4 ./src/PERIPHERAL/gpio.o
                0x0000000010000098                p0_1_counter
 .bss.p1_1_counter
                0x000000001000009c        0x4 ./src/PERIPHERAL/gpio.o
                0x000000001000009c                p1_1_counter
 .bss.p2_1_counter
                0x00000000100000a0        0x4 ./src/PERIPHERAL/gpio.o
                0x00000000100000a0                p2_1_counter
 .bss.RdIndex   0x00000000100000a4        0x4 ./src/PERIPHERAL/i2c.o
                0x00000000100000a4                RdIndex
 .bss.I2CMasterState
                0x00000000100000a8        0x4 ./src/PERIPHERAL/i2c.o
                0x00000000100000a8                I2CMasterState
 .bss.WrIndex   0x00000000100000ac        0x4 ./src/PERIPHERAL/i2c.o
                0x00000000100000ac                WrIndex
 .bss.UARTCount
                0x00000000100000b0        0x4 ./src/PERIPHERAL/uart.o
                0x00000000100000b0                UARTCount
 .bss.serialState.4684
                0x00000000100000b4        0x2 ./src/PERIPHERAL/usbTransmission.o
 .bss.flag_usb_config
                0x00000000100000b6        0x1 ./src/PERIPHERAL/usbTransmission.o
 .bss.flag_send_data_enable
                0x00000000100000b7        0x1 ./src/MAIN/MainFunction.o
 .bss.timestamp.4496
                0x00000000100000b8        0x4 ./src/MAIN/MainFunction.o
 .bss.elapsed_time_count
                0x00000000100000bc        0x4 ./src/MAIN/UserInterface.o
 .bss.flag_flash_LED
                0x00000000100000c0        0x1 ./src/MAIN/UserInterface.o
 *fill*         0x00000000100000c1        0x1 
 .bss.LED_count
                0x00000000100000c2        0x2 ./src/MAIN/UserInterface.o
 .bss.SW_count  0x00000000100000c4        0x2 ./src/MAIN/UserInterface.o
 .bss.on_count_LED
                0x00000000100000c6        0x2 ./src/MAIN/UserInterface.o
 .bss.errno     0x00000000100000c8        0x4 /Applications/lpcxpresso_7.9.0_455/lpcxpresso/tools/bin/../lib/gcc/arm-none-eabi/4.9.3/../../../../arm-none-eabi/lib/armv7-m/libcr_c.a(errno.o)
                0x00000000100000c8                errno
 *(COMMON)
 COMMON         0x00000000100000cc       0xd4 ./src/USB/cdcuser.o
                0x00000000100000cc                BulkBufOut
                0x000000001000010c                NotificationBuf
                0x0000000010000118                BulkBufIn
                0x0000000010000158                CDC_OutBuf
 COMMON         0x00000000100001a0       0x6e ./src/USB/usbcore.o
                0x00000000100001a0                USB_AltSetting
                0x00000000100001a4                EP0Buf
                0x00000000100001e4                USB_EndPointMask
                0x00000000100001e8                USB_DeviceAddress
                0x00000000100001ec                USB_EndPointStall
                0x00000000100001f0                USB_EndPointHalt
                0x00000000100001f4                USB_Configuration
                0x00000000100001f8                SetupPacket
                0x0000000010000200                USB_NumInterfaces
                0x0000000010000204                EP0Data
                0x000000001000020c                USB_DeviceStatus
 *fill*         0x000000001000020e        0x2 
 COMMON         0x0000000010000210      0x10c ./src/PERIPHERAL/i2c.o
                0x0000000010000210                I2CReadLength
                0x0000000010000214                I2CSlaveBuffer
                0x0000000010000294                I2CMode
                0x0000000010000298                I2CMasterBuffer
                0x0000000010000318                I2CWriteLength
 COMMON         0x000000001000031c       0x84 ./src/PERIPHERAL/uart.o
                0x000000001000031c                UARTBuffer
                0x000000001000039c                UARTStatus
 COMMON         0x00000000100003a0      0x118 ./src/OTHER/serial.o
                0x00000000100003a0                ser_in
                0x0000000010000428                ser_txRestart
                0x000000001000042c                ser_lineState
                0x0000000010000430                ser_out
 COMMON         0x00000000100004b8       0x2c ./src/MAIN/bme280.o
                0x00000000100004b8                dig_P7
                0x00000000100004ba                dig_T1
                0x00000000100004bc                dig_H4
                0x00000000100004be                dig_T2
                0x00000000100004c0                dig_H1
                0x00000000100004c2                dig_P2
                0x00000000100004c4                dig_P4
                0x00000000100004c6                dig_H6
                0x00000000100004c8                t_fine_
                0x00000000100004cc                dig_P5
                0x00000000100004ce                dig_P1
                0x00000000100004d0                dig_P3
                0x00000000100004d2                dig_P8
                0x00000000100004d4                dig_H5
                0x00000000100004d6                dig_H3
                0x00000000100004d8                dig_P9
                0x00000000100004da                dig_T3
                0x00000000100004dc                dig_P6
                0x00000000100004de                dig_H2
                0x00000000100004e0                t_fine
 COMMON         0x00000000100004e4        0x4 /Applications/lpcxpresso_7.9.0_455/lpcxpresso/tools/bin/../lib/gcc/arm-none-eabi/4.9.3/../../../../arm-none-eabi/lib/armv7-m/libcr_c.a(initio.o)
                0x00000000100004e4                _extra
 COMMON         0x00000000100004e8      0x140 /Applications/lpcxpresso_7.9.0_455/lpcxpresso/tools/bin/../lib/gcc/arm-none-eabi/4.9.3/../../../../arm-none-eabi/lib/armv7-m/libcr_c.a(stdio.o)
                0x00000000100004e8                __Ciob
 COMMON         0x0000000010000628        0x8 /Applications/lpcxpresso_7.9.0_455/lpcxpresso/tools/bin/../lib/gcc/arm-none-eabi/4.9.3/../../../../arm-none-eabi/lib/armv7-m/libcr_c.a(__init_alloc.o)
                0x0000000010000628                __heaps
                0x000000001000062c                __end_of_heap
                0x0000000010000630                . = ALIGN (0x4)
                0x0000000010000630                _ebss = .
                0x0000000010000630                PROVIDE (end, .)

.noinit         0x0000000010000630        0x0 load address 0x000000000000524c
                0x0000000010000630                _noinit = .
 *(.noinit*)
                0x0000000010000630                . = ALIGN (0x4)
                0x0000000010000630                _end_noinit = .
                0x0000000010000630                PROVIDE (_pvHeapStart, DEFINED (__user_heap_base)?__user_heap_base:.)
                0x0000000010002000                PROVIDE (_vStackTop, DEFINED (__user_stack_top)?__user_stack_top:(__top_RamLoc8 - 0x0))
                0xffffffffefffd812                PROVIDE (__valid_user_code_checksum, (0x0 - ((((((_vStackTop + (ResetISR + 0x1)) + (NMI_Handler + 0x1)) + (HardFault_Handler + 0x1)) + (DEFINED (MemManage_Handler)?MemManage_Handler:0x0 + 0x1)) + (DEFINED (BusFault_Handler)?BusFault_Handler:0x0 + 0x1)) + (DEFINED (UsageFault_Handler)?UsageFault_Handler:0x0 + 0x1))))
OUTPUT(RT-USB-THP-sample.axf elf32-littlearm)

.debug_info     0x0000000000000000     0x9a39
 .debug_info    0x0000000000000000      0x623 ./src/USB/cdcuser.o
 .debug_info    0x0000000000000623     0x11f8 ./src/USB/usbcore.o
 .debug_info    0x000000000000181b       0xec ./src/USB/usbdesc.o
 .debug_info    0x0000000000001907     0x156e ./src/USB/usbhw.o
 .debug_info    0x0000000000002e75      0x204 ./src/USB/usbuser.o
 .debug_info    0x0000000000003079      0x1dc ./src/PERIPHERAL/SystemTickTimer.o
 .debug_info    0x0000000000003255      0x2df ./src/PERIPHERAL/debug.o
 .debug_info    0x0000000000003534      0xcb8 ./src/PERIPHERAL/gpio.o
 .debug_info    0x00000000000041ec      0xd03 ./src/PERIPHERAL/i2c.o
 .debug_info    0x0000000000004eef      0x4dd ./src/PERIPHERAL/io.o
 .debug_info    0x00000000000053cc      0xa83 ./src/PERIPHERAL/timer.o
 .debug_info    0x0000000000005e4f      0xd56 ./src/PERIPHERAL/uart.o
 .debug_info    0x0000000000006ba5      0x385 ./src/PERIPHERAL/usbTransmission.o
 .debug_info    0x0000000000006f2a      0x28c ./src/OTHER/cr_startup_lpc13xx.o
 .debug_info    0x00000000000071b6       0x3f ./src/OTHER/crp.o
 .debug_info    0x00000000000071f5      0xecf ./src/OTHER/serial.o
 .debug_info    0x00000000000080c4      0x3bb ./src/MAIN/MainFunction.o
 .debug_info    0x000000000000847f      0x4a9 ./src/MAIN/UserInterface.o
 .debug_info    0x0000000000008928      0x712 ./src/MAIN/bme280.o
 .debug_info    0x000000000000903a      0x521 ./src/MAIN/main.o
 .debug_info    0x000000000000955b      0x4de /Users/nakagawayuki/git/RT-USB-PYROELECTRIC/LPCXpresso/workspace_THP/CMSISv1p30_LPC13xx/Debug/libCMSISv1p30_LPC13xx.a(system_LPC13xx.o)

.debug_abbrev   0x0000000000000000     0x2517
 .debug_abbrev  0x0000000000000000      0x1e1 ./src/USB/cdcuser.o
 .debug_abbrev  0x00000000000001e1      0x33d ./src/USB/usbcore.o
 .debug_abbrev  0x000000000000051e       0x60 ./src/USB/usbdesc.o
 .debug_abbrev  0x000000000000057e      0x382 ./src/USB/usbhw.o
 .debug_abbrev  0x0000000000000900      0x12b ./src/USB/usbuser.o
 .debug_abbrev  0x0000000000000a2b      0x11a ./src/PERIPHERAL/SystemTickTimer.o
 .debug_abbrev  0x0000000000000b45      0x197 ./src/PERIPHERAL/debug.o
 .debug_abbrev  0x0000000000000cdc      0x29e ./src/PERIPHERAL/gpio.o
 .debug_abbrev  0x0000000000000f7a      0x224 ./src/PERIPHERAL/i2c.o
 .debug_abbrev  0x000000000000119e      0x139 ./src/PERIPHERAL/io.o
 .debug_abbrev  0x00000000000012d7      0x1b6 ./src/PERIPHERAL/timer.o
 .debug_abbrev  0x000000000000148d      0x20c ./src/PERIPHERAL/uart.o
 .debug_abbrev  0x0000000000001699      0x224 ./src/PERIPHERAL/usbTransmission.o
 .debug_abbrev  0x00000000000018bd      0x111 ./src/OTHER/cr_startup_lpc13xx.o
 .debug_abbrev  0x00000000000019ce       0x36 ./src/OTHER/crp.o
 .debug_abbrev  0x0000000000001a04      0x237 ./src/OTHER/serial.o
 .debug_abbrev  0x0000000000001c3b      0x198 ./src/MAIN/MainFunction.o
 .debug_abbrev  0x0000000000001dd3      0x1ff ./src/MAIN/UserInterface.o
 .debug_abbrev  0x0000000000001fd2      0x23d ./src/MAIN/bme280.o
 .debug_abbrev  0x000000000000220f      0x1d8 ./src/MAIN/main.o
 .debug_abbrev  0x00000000000023e7      0x130 /Users/nakagawayuki/git/RT-USB-PYROELECTRIC/LPCXpresso/workspace_THP/CMSISv1p30_LPC13xx/Debug/libCMSISv1p30_LPC13xx.a(system_LPC13xx.o)

.debug_loc      0x0000000000000000     0x24a7
 .debug_loc     0x0000000000000000      0x215 ./src/USB/cdcuser.o
 .debug_loc     0x0000000000000215      0xa4c ./src/USB/usbcore.o
 .debug_loc     0x0000000000000c61      0x462 ./src/USB/usbhw.o
 .debug_loc     0x00000000000010c3       0x79 ./src/USB/usbuser.o
 .debug_loc     0x000000000000113c       0x58 ./src/PERIPHERAL/SystemTickTimer.o
 .debug_loc     0x0000000000001194       0x29 ./src/PERIPHERAL/debug.o
 .debug_loc     0x00000000000011bd      0x68a ./src/PERIPHERAL/gpio.o
 .debug_loc     0x0000000000001847       0xe7 ./src/PERIPHERAL/i2c.o
 .debug_loc     0x000000000000192e      0x11c ./src/PERIPHERAL/uart.o
 .debug_loc     0x0000000000001a4a       0x13 ./src/PERIPHERAL/usbTransmission.o
 .debug_loc     0x0000000000001a5d      0x1d1 ./src/OTHER/cr_startup_lpc13xx.o
 .debug_loc     0x0000000000001c2e      0x2d1 ./src/OTHER/serial.o
 .debug_loc     0x0000000000001eff       0x49 ./src/MAIN/UserInterface.o
 .debug_loc     0x0000000000001f48      0x51e ./src/MAIN/bme280.o
 .debug_loc     0x0000000000002466       0x41 ./src/MAIN/main.o

.debug_aranges  0x0000000000000000      0x6d0
 .debug_aranges
                0x0000000000000000       0xa0 ./src/USB/cdcuser.o
 .debug_aranges
                0x00000000000000a0       0x98 ./src/USB/usbcore.o
 .debug_aranges
                0x0000000000000138       0x18 ./src/USB/usbdesc.o
 .debug_aranges
                0x0000000000000150      0x100 ./src/USB/usbhw.o
 .debug_aranges
                0x0000000000000250       0x50 ./src/USB/usbuser.o
 .debug_aranges
                0x00000000000002a0       0x48 ./src/PERIPHERAL/SystemTickTimer.o
 .debug_aranges
                0x00000000000002e8       0x28 ./src/PERIPHERAL/debug.o
 .debug_aranges
                0x0000000000000310       0x78 ./src/PERIPHERAL/gpio.o
 .debug_aranges
                0x0000000000000388       0x40 ./src/PERIPHERAL/i2c.o
 .debug_aranges
                0x00000000000003c8       0x20 ./src/PERIPHERAL/io.o
 .debug_aranges
                0x00000000000003e8       0x48 ./src/PERIPHERAL/timer.o
 .debug_aranges
                0x0000000000000430       0x30 ./src/PERIPHERAL/uart.o
 .debug_aranges
                0x0000000000000460       0x38 ./src/PERIPHERAL/usbTransmission.o
 .debug_aranges
                0x0000000000000498       0x80 ./src/OTHER/cr_startup_lpc13xx.o
 .debug_aranges
                0x0000000000000518       0x18 ./src/OTHER/crp.o
 .debug_aranges
                0x0000000000000530       0x50 ./src/OTHER/serial.o
 .debug_aranges
                0x0000000000000580       0x30 ./src/MAIN/MainFunction.o
 .debug_aranges
                0x00000000000005b0       0x60 ./src/MAIN/UserInterface.o
 .debug_aranges
                0x0000000000000610       0x68 ./src/MAIN/bme280.o
 .debug_aranges
                0x0000000000000678       0x28 ./src/MAIN/main.o
 .debug_aranges
                0x00000000000006a0       0x30 /Users/nakagawayuki/git/RT-USB-PYROELECTRIC/LPCXpresso/workspace_THP/CMSISv1p30_LPC13xx/Debug/libCMSISv1p30_LPC13xx.a(system_LPC13xx.o)

.debug_ranges   0x0000000000000000      0x570
 .debug_ranges  0x0000000000000000       0x90 ./src/USB/cdcuser.o
 .debug_ranges  0x0000000000000090       0x88 ./src/USB/usbcore.o
 .debug_ranges  0x0000000000000118       0xf0 ./src/USB/usbhw.o
 .debug_ranges  0x0000000000000208       0x40 ./src/USB/usbuser.o
 .debug_ranges  0x0000000000000248       0x38 ./src/PERIPHERAL/SystemTickTimer.o
 .debug_ranges  0x0000000000000280       0x18 ./src/PERIPHERAL/debug.o
 .debug_ranges  0x0000000000000298       0x68 ./src/PERIPHERAL/gpio.o
 .debug_ranges  0x0000000000000300       0x30 ./src/PERIPHERAL/i2c.o
 .debug_ranges  0x0000000000000330       0x10 ./src/PERIPHERAL/io.o
 .debug_ranges  0x0000000000000340       0x38 ./src/PERIPHERAL/timer.o
 .debug_ranges  0x0000000000000378       0x20 ./src/PERIPHERAL/uart.o
 .debug_ranges  0x0000000000000398       0x28 ./src/PERIPHERAL/usbTransmission.o
 .debug_ranges  0x00000000000003c0       0x70 ./src/OTHER/cr_startup_lpc13xx.o
 .debug_ranges  0x0000000000000430       0x40 ./src/OTHER/serial.o
 .debug_ranges  0x0000000000000470       0x20 ./src/MAIN/MainFunction.o
 .debug_ranges  0x0000000000000490       0x50 ./src/MAIN/UserInterface.o
 .debug_ranges  0x00000000000004e0       0x58 ./src/MAIN/bme280.o
 .debug_ranges  0x0000000000000538       0x18 ./src/MAIN/main.o
 .debug_ranges  0x0000000000000550       0x20 /Users/nakagawayuki/git/RT-USB-PYROELECTRIC/LPCXpresso/workspace_THP/CMSISv1p30_LPC13xx/Debug/libCMSISv1p30_LPC13xx.a(system_LPC13xx.o)

.debug_macro    0x0000000000000000     0x3f94
 .debug_macro   0x0000000000000000       0xb6 ./src/USB/cdcuser.o
 .debug_macro   0x00000000000000b6      0x880 ./src/USB/cdcuser.o
 .debug_macro   0x0000000000000936       0x10 ./src/USB/cdcuser.o
 .debug_macro   0x0000000000000946      0x12d ./src/USB/cdcuser.o
 .debug_macro   0x0000000000000a73      0x5b2 ./src/USB/cdcuser.o
 .debug_macro   0x0000000000001025       0x16 ./src/USB/cdcuser.o
 .debug_macro   0x000000000000103b      0x1cb ./src/USB/cdcuser.o
 .debug_macro   0x0000000000001206       0x3a ./src/USB/cdcuser.o
 .debug_macro   0x0000000000001240       0xcc ./src/USB/cdcuser.o
 .debug_macro   0x000000000000130c      0x26b ./src/USB/cdcuser.o
 .debug_macro   0x0000000000001577       0x1c ./src/USB/cdcuser.o
 .debug_macro   0x0000000000001593       0x94 ./src/USB/usbcore.o
 .debug_macro   0x0000000000001627       0x28 ./src/USB/usbcore.o
 .debug_macro   0x000000000000164f       0x34 ./src/USB/usbcore.o
 .debug_macro   0x0000000000001683       0x78 ./src/USB/usbdesc.o
 .debug_macro   0x00000000000016fb       0x2e ./src/USB/usbdesc.o
 .debug_macro   0x0000000000001729       0x99 ./src/USB/usbhw.o
 .debug_macro   0x00000000000017c2       0x1c ./src/USB/usbhw.o
 .debug_macro   0x00000000000017de       0x22 ./src/USB/usbhw.o
 .debug_macro   0x0000000000001800      0x7b7 ./src/USB/usbhw.o
 .debug_macro   0x0000000000001fb7      0x131 ./src/USB/usbhw.o
 .debug_macro   0x00000000000020e8      0x205 ./src/USB/usbhw.o
 .debug_macro   0x00000000000022ed       0x89 ./src/USB/usbuser.o
 .debug_macro   0x0000000000002376       0x7a ./src/PERIPHERAL/SystemTickTimer.o
 .debug_macro   0x00000000000023f0      0x7d5 ./src/PERIPHERAL/SystemTickTimer.o
 .debug_macro   0x0000000000002bc5       0x9d ./src/PERIPHERAL/debug.o
 .debug_macro   0x0000000000002c62       0x16 ./src/PERIPHERAL/debug.o
 .debug_macro   0x0000000000002c78       0x10 ./src/PERIPHERAL/debug.o
 .debug_macro   0x0000000000002c88       0xa0 ./src/PERIPHERAL/debug.o
 .debug_macro   0x0000000000002d28       0x16 ./src/PERIPHERAL/debug.o
 .debug_macro   0x0000000000002d3e       0xa6 ./src/PERIPHERAL/debug.o
 .debug_macro   0x0000000000002de4       0x6b ./src/PERIPHERAL/gpio.o
 .debug_macro   0x0000000000002e4f       0x22 ./src/PERIPHERAL/gpio.o
 .debug_macro   0x0000000000002e71       0x74 ./src/PERIPHERAL/i2c.o
 .debug_macro   0x0000000000002ee5       0x1c ./src/PERIPHERAL/i2c.o
 .debug_macro   0x0000000000002f01       0xd0 ./src/PERIPHERAL/i2c.o
 .debug_macro   0x0000000000002fd1       0x79 ./src/PERIPHERAL/io.o
 .debug_macro   0x000000000000304a       0x6c ./src/PERIPHERAL/timer.o
 .debug_macro   0x00000000000030b6       0x71 ./src/PERIPHERAL/uart.o
 .debug_macro   0x0000000000003127       0xcb ./src/PERIPHERAL/usbTransmission.o
 .debug_macro   0x00000000000031f2       0x1d ./src/OTHER/cr_startup_lpc13xx.o
 .debug_macro   0x000000000000320f       0x1a ./src/OTHER/crp.o
 .debug_macro   0x0000000000003229       0x34 ./src/OTHER/crp.o
 .debug_macro   0x000000000000325d       0x9f ./src/OTHER/serial.o
 .debug_macro   0x00000000000032fc       0xb3 ./src/MAIN/MainFunction.o
 .debug_macro   0x00000000000033af       0x16 ./src/MAIN/MainFunction.o
 .debug_macro   0x00000000000033c5       0x8d ./src/MAIN/UserInterface.o
 .debug_macro   0x0000000000003452       0x85 ./src/MAIN/bme280.o
 .debug_macro   0x00000000000034d7       0x10 ./src/MAIN/bme280.o
 .debug_macro   0x00000000000034e7      0x110 ./src/MAIN/main.o
 .debug_macro   0x00000000000035f7      0x12f /Users/nakagawayuki/git/RT-USB-PYROELECTRIC/LPCXpresso/workspace_THP/CMSISv1p30_LPC13xx/Debug/libCMSISv1p30_LPC13xx.a(system_LPC13xx.o)
 .debug_macro   0x0000000000003726      0x86e /Users/nakagawayuki/git/RT-USB-PYROELECTRIC/LPCXpresso/workspace_THP/CMSISv1p30_LPC13xx/Debug/libCMSISv1p30_LPC13xx.a(system_LPC13xx.o)

.debug_line     0x0000000000000000     0x4196
 .debug_line    0x0000000000000000      0x3a9 ./src/USB/cdcuser.o
 .debug_line    0x00000000000003a9      0x6a9 ./src/USB/usbcore.o
 .debug_line    0x0000000000000a52      0x202 ./src/USB/usbdesc.o
 .debug_line    0x0000000000000c54      0x4ec ./src/USB/usbhw.o
 .debug_line    0x0000000000001140      0x28b ./src/USB/usbuser.o
 .debug_line    0x00000000000013cb      0x30c ./src/PERIPHERAL/SystemTickTimer.o
 .debug_line    0x00000000000016d7      0x2cd ./src/PERIPHERAL/debug.o
 .debug_line    0x00000000000019a4      0x339 ./src/PERIPHERAL/gpio.o
 .debug_line    0x0000000000001cdd      0x322 ./src/PERIPHERAL/i2c.o
 .debug_line    0x0000000000001fff      0x27a ./src/PERIPHERAL/io.o
 .debug_line    0x0000000000002279      0x28a ./src/PERIPHERAL/timer.o
 .debug_line    0x0000000000002503      0x283 ./src/PERIPHERAL/uart.o
 .debug_line    0x0000000000002786      0x41a ./src/PERIPHERAL/usbTransmission.o
 .debug_line    0x0000000000002ba0       0xdc ./src/OTHER/cr_startup_lpc13xx.o
 .debug_line    0x0000000000002c7c       0x85 ./src/OTHER/crp.o
 .debug_line    0x0000000000002d01      0x2dd ./src/OTHER/serial.o
 .debug_line    0x0000000000002fde      0x36c ./src/MAIN/MainFunction.o
 .debug_line    0x000000000000334a      0x3a9 ./src/MAIN/UserInterface.o
 .debug_line    0x00000000000036f3      0x403 ./src/MAIN/bme280.o
 .debug_line    0x0000000000003af6      0x448 ./src/MAIN/main.o
 .debug_line    0x0000000000003f3e      0x258 /Users/nakagawayuki/git/RT-USB-PYROELECTRIC/LPCXpresso/workspace_THP/CMSISv1p30_LPC13xx/Debug/libCMSISv1p30_LPC13xx.a(system_LPC13xx.o)

.debug_str      0x0000000000000000     0xc0ca
 .debug_str     0x0000000000000000     0x5744 ./src/USB/cdcuser.o
                                       0x57f3 (size before relaxing)
 .debug_str     0x0000000000005744      0x69e ./src/USB/usbcore.o
                                       0x5b36 (size before relaxing)
 .debug_str     0x0000000000005de2       0x81 ./src/USB/usbdesc.o
                                       0x53eb (size before relaxing)
 .debug_str     0x0000000000005e63     0x4695 ./src/USB/usbhw.o
                                       0x8fe5 (size before relaxing)
 .debug_str     0x000000000000a4f8       0x8b ./src/USB/usbuser.o
                                       0x49ac (size before relaxing)
 .debug_str     0x000000000000a583       0xe3 ./src/PERIPHERAL/SystemTickTimer.o
                                       0x72cf (size before relaxing)
 .debug_str     0x000000000000a666      0x4d0 ./src/PERIPHERAL/debug.o
                                       0x76d2 (size before relaxing)
 .debug_str     0x000000000000ab36      0x199 ./src/PERIPHERAL/gpio.o
                                       0x7a11 (size before relaxing)
 .debug_str     0x000000000000accf      0x3bd ./src/PERIPHERAL/i2c.o
                                       0x7e30 (size before relaxing)
 .debug_str     0x000000000000b08c       0x1e ./src/PERIPHERAL/io.o
                                       0x7413 (size before relaxing)
 .debug_str     0x000000000000b0aa       0xf2 ./src/PERIPHERAL/timer.o
                                       0x7949 (size before relaxing)
 .debug_str     0x000000000000b19c       0xf3 ./src/PERIPHERAL/uart.o
                                       0x7cdb (size before relaxing)
 .debug_str     0x000000000000b28f       0x71 ./src/PERIPHERAL/usbTransmission.o
                                       0x8a2b (size before relaxing)
 .debug_str     0x000000000000b300      0x1c7 ./src/OTHER/cr_startup_lpc13xx.o
                                       0x268b (size before relaxing)
 .debug_str     0x000000000000b4c7       0xef ./src/OTHER/crp.o
                                       0x2594 (size before relaxing)
 .debug_str     0x000000000000b5b6      0x22f ./src/OTHER/serial.o
                                       0x7dc4 (size before relaxing)
 .debug_str     0x000000000000b7e5      0x120 ./src/MAIN/MainFunction.o
                                       0x7531 (size before relaxing)
 .debug_str     0x000000000000b905       0xec ./src/MAIN/UserInterface.o
                                       0x7376 (size before relaxing)
 .debug_str     0x000000000000b9f1      0x235 ./src/MAIN/bme280.o
                                       0x421d (size before relaxing)
 .debug_str     0x000000000000bc26       0x18 ./src/MAIN/main.o
                                       0x8eb9 (size before relaxing)
 .debug_str     0x000000000000bc3e      0x48c /Users/nakagawayuki/git/RT-USB-PYROELECTRIC/LPCXpresso/workspace_THP/CMSISv1p30_LPC13xx/Debug/libCMSISv1p30_LPC13xx.a(system_LPC13xx.o)
                                       0x77d2 (size before relaxing)

.comment        0x0000000000000000       0xe0
 .comment       0x0000000000000000       0x70 ./src/USB/cdcuser.o
                                         0x71 (size before relaxing)
 .comment       0x0000000000000000       0x71 ./src/USB/usbcore.o
 .comment       0x0000000000000000       0x71 ./src/USB/usbdesc.o
 .comment       0x0000000000000000       0x71 ./src/USB/usbhw.o
 .comment       0x0000000000000000       0x71 ./src/USB/usbuser.o
 .comment       0x0000000000000000       0x71 ./src/PERIPHERAL/SystemTickTimer.o
 .comment       0x0000000000000000       0x71 ./src/PERIPHERAL/debug.o
 .comment       0x0000000000000000       0x71 ./src/PERIPHERAL/gpio.o
 .comment       0x0000000000000000       0x71 ./src/PERIPHERAL/i2c.o
 .comment       0x0000000000000000       0x71 ./src/PERIPHERAL/io.o
 .comment       0x0000000000000000       0x71 ./src/PERIPHERAL/timer.o
 .comment       0x0000000000000000       0x71 ./src/PERIPHERAL/uart.o
 .comment       0x0000000000000000       0x71 ./src/PERIPHERAL/usbTransmission.o
 .comment       0x0000000000000000       0x71 ./src/OTHER/cr_startup_lpc13xx.o
 .comment       0x0000000000000000       0x71 ./src/OTHER/crp.o
 .comment       0x0000000000000000       0x71 ./src/OTHER/serial.o
 .comment       0x0000000000000000       0x71 ./src/MAIN/MainFunction.o
 .comment       0x0000000000000000       0x71 ./src/MAIN/UserInterface.o
 .comment       0x0000000000000000       0x71 ./src/MAIN/bme280.o
 .comment       0x0000000000000000       0x71 ./src/MAIN/main.o
 .comment       0x0000000000000000       0x71 /Users/nakagawayuki/git/RT-USB-PYROELECTRIC/LPCXpresso/workspace_THP/CMSISv1p30_LPC13xx/Debug/libCMSISv1p30_LPC13xx.a(system_LPC13xx.o)
 .comment       0x0000000000000070       0x70 /Applications/lpcxpresso_7.9.0_455/lpcxpresso/tools/bin/../lib/gcc/arm-none-eabi/4.9.3/../../../../arm-none-eabi/lib/armv7-m/libcr_semihost.a(_cr__main.o)
                                         0x71 (size before relaxing)
 .comment       0x0000000000000000       0x71 /Applications/lpcxpresso_7.9.0_455/lpcxpresso/tools/bin/../lib/gcc/arm-none-eabi/4.9.3/../../../../arm-none-eabi/lib/armv7-m/libcr_c.a(memcpy.o)
 .comment       0x0000000000000000       0x71 /Applications/lpcxpresso_7.9.0_455/lpcxpresso/tools/bin/../lib/gcc/arm-none-eabi/4.9.3/../../../../arm-none-eabi/lib/armv7-m/libcr_c.a(fpprintf.o)
 .comment       0x0000000000000000       0x71 /Applications/lpcxpresso_7.9.0_455/lpcxpresso/tools/bin/../lib/gcc/arm-none-eabi/4.9.3/../../../../arm-none-eabi/lib/armv7-m/libcr_c.a(initio.o)
 .comment       0x0000000000000000       0x71 /Applications/lpcxpresso_7.9.0_455/lpcxpresso/tools/bin/../lib/gcc/arm-none-eabi/4.9.3/../../../../arm-none-eabi/lib/armv7-m/libcr_c.a(printf.o)
 .comment       0x0000000000000000       0x71 /Applications/lpcxpresso_7.9.0_455/lpcxpresso/tools/bin/../lib/gcc/arm-none-eabi/4.9.3/../../../../arm-none-eabi/lib/armv7-m/libcr_c.a(setvbuf.o)
 .comment       0x0000000000000000       0x71 /Applications/lpcxpresso_7.9.0_455/lpcxpresso/tools/bin/../lib/gcc/arm-none-eabi/4.9.3/../../../../arm-none-eabi/lib/armv7-m/libcr_c.a(stdio.o)
 .comment       0x0000000000000000       0x71 /Applications/lpcxpresso_7.9.0_455/lpcxpresso/tools/bin/../lib/gcc/arm-none-eabi/4.9.3/../../../../arm-none-eabi/lib/armv7-m/libcr_c.a(strlen.o)
 .comment       0x0000000000000000       0x71 /Applications/lpcxpresso_7.9.0_455/lpcxpresso/tools/bin/../lib/gcc/arm-none-eabi/4.9.3/../../../../arm-none-eabi/lib/armv7-m/libcr_c.a(memset.o)
 .comment       0x0000000000000000       0x71 /Applications/lpcxpresso_7.9.0_455/lpcxpresso/tools/bin/../lib/gcc/arm-none-eabi/4.9.3/../../../../arm-none-eabi/lib/armv7-m/libcr_c.a(_deferredlazyseek.o)
 .comment       0x0000000000000000       0x71 /Applications/lpcxpresso_7.9.0_455/lpcxpresso/tools/bin/../lib/gcc/arm-none-eabi/4.9.3/../../../../arm-none-eabi/lib/armv7-m/libcr_c.a(_fdopen.o)
 .comment       0x0000000000000000       0x71 /Applications/lpcxpresso_7.9.0_455/lpcxpresso/tools/bin/../lib/gcc/arm-none-eabi/4.9.3/../../../../arm-none-eabi/lib/armv7-m/libcr_c.a(_fflush.o)
 .comment       0x0000000000000000       0x71 /Applications/lpcxpresso_7.9.0_455/lpcxpresso/tools/bin/../lib/gcc/arm-none-eabi/4.9.3/../../../../arm-none-eabi/lib/armv7-m/libcr_c.a(_frexpl.o)
 .comment       0x0000000000000000       0x71 /Applications/lpcxpresso_7.9.0_455/lpcxpresso/tools/bin/../lib/gcc/arm-none-eabi/4.9.3/../../../../arm-none-eabi/lib/armv7-m/libcr_c.a(_ldexpl.o)
 .comment       0x0000000000000000       0x71 /Applications/lpcxpresso_7.9.0_455/lpcxpresso/tools/bin/../lib/gcc/arm-none-eabi/4.9.3/../../../../arm-none-eabi/lib/armv7-m/libcr_c.a(_writebuf.o)
 .comment       0x0000000000000000       0x71 /Applications/lpcxpresso_7.9.0_455/lpcxpresso/tools/bin/../lib/gcc/arm-none-eabi/4.9.3/../../../../arm-none-eabi/lib/armv7-m/libcr_c.a(alloc.o)
 .comment       0x0000000000000000       0x71 /Applications/lpcxpresso_7.9.0_455/lpcxpresso/tools/bin/../lib/gcc/arm-none-eabi/4.9.3/../../../../arm-none-eabi/lib/armv7-m/libcr_c.a(errno.o)
 .comment       0x0000000000000000       0x71 /Applications/lpcxpresso_7.9.0_455/lpcxpresso/tools/bin/../lib/gcc/arm-none-eabi/4.9.3/../../../../arm-none-eabi/lib/armv7-m/libcr_c.a(fclose.o)
 .comment       0x0000000000000000       0x71 /Applications/lpcxpresso_7.9.0_455/lpcxpresso/tools/bin/../lib/gcc/arm-none-eabi/4.9.3/../../../../arm-none-eabi/lib/armv7-m/libcr_c.a(fflush.o)
 .comment       0x0000000000000000       0x71 /Applications/lpcxpresso_7.9.0_455/lpcxpresso/tools/bin/../lib/gcc/arm-none-eabi/4.9.3/../../../../arm-none-eabi/lib/armv7-m/libcr_c.a(fseek.o)
 .comment       0x0000000000000000       0x71 /Applications/lpcxpresso_7.9.0_455/lpcxpresso/tools/bin/../lib/gcc/arm-none-eabi/4.9.3/../../../../arm-none-eabi/lib/armv7-m/libcr_c.a(ftell.o)
 .comment       0x0000000000000000       0x71 /Applications/lpcxpresso_7.9.0_455/lpcxpresso/tools/bin/../lib/gcc/arm-none-eabi/4.9.3/../../../../arm-none-eabi/lib/armv7-m/libcr_c.a(remove.o)
 .comment       0x0000000000000000       0x71 /Applications/lpcxpresso_7.9.0_455/lpcxpresso/tools/bin/../lib/gcc/arm-none-eabi/4.9.3/../../../../arm-none-eabi/lib/armv7-m/libcr_c.a(__init_alloc.o)
 .comment       0x0000000000000000       0x71 /Applications/lpcxpresso_7.9.0_455/lpcxpresso/tools/bin/../lib/gcc/arm-none-eabi/4.9.3/../../../../arm-none-eabi/lib/armv7-m/libcr_c.a(_cr_sbrk.o)
 .comment       0x0000000000000000       0x71 /Applications/lpcxpresso_7.9.0_455/lpcxpresso/tools/bin/../lib/gcc/arm-none-eabi/4.9.3/../../../../arm-none-eabi/lib/armv7-m/libcr_c.a(_do_fflush.o)
 .comment       0x0000000000000000       0x71 /Applications/lpcxpresso_7.9.0_455/lpcxpresso/tools/bin/../lib/gcc/arm-none-eabi/4.9.3/../../../../arm-none-eabi/lib/armv7-m/libcr_c.a(_hugeval.o)
 .comment       0x0000000000000000       0x71 /Applications/lpcxpresso_7.9.0_455/lpcxpresso/tools/bin/../lib/gcc/arm-none-eabi/4.9.3/../../../../arm-none-eabi/lib/armv7-m/libcr_c.a(_cr_check_heap.o)
 .comment       0x0000000000000000       0x71 /Applications/lpcxpresso_7.9.0_455/lpcxpresso/tools/bin/../lib/gcc/arm-none-eabi/4.9.3/armv7-m/libcr_eabihelpers.a(double.o)

.ARM.attributes
                0x0000000000000000       0x31
 .ARM.attributes
                0x0000000000000000       0x33 ./src/USB/cdcuser.o
 .ARM.attributes
                0x0000000000000033       0x33 ./src/USB/usbcore.o
 .ARM.attributes
                0x0000000000000066       0x33 ./src/USB/usbdesc.o
 .ARM.attributes
                0x0000000000000099       0x33 ./src/USB/usbhw.o
 .ARM.attributes
                0x00000000000000cc       0x33 ./src/USB/usbuser.o
 .ARM.attributes
                0x00000000000000ff       0x33 ./src/PERIPHERAL/SystemTickTimer.o
 .ARM.attributes
                0x0000000000000132       0x33 ./src/PERIPHERAL/debug.o
 .ARM.attributes
                0x0000000000000165       0x33 ./src/PERIPHERAL/gpio.o
 .ARM.attributes
                0x0000000000000198       0x33 ./src/PERIPHERAL/i2c.o
 .ARM.attributes
                0x00000000000001cb       0x33 ./src/PERIPHERAL/io.o
 .ARM.attributes
                0x00000000000001fe       0x33 ./src/PERIPHERAL/timer.o
 .ARM.attributes
                0x0000000000000231       0x33 ./src/PERIPHERAL/uart.o
 .ARM.attributes
                0x0000000000000264       0x33 ./src/PERIPHERAL/usbTransmission.o
 .ARM.attributes
                0x0000000000000297       0x33 ./src/OTHER/cr_startup_lpc13xx.o
 .ARM.attributes
                0x00000000000002ca       0x33 ./src/OTHER/crp.o
 .ARM.attributes
                0x00000000000002fd       0x33 ./src/OTHER/serial.o
 .ARM.attributes
                0x0000000000000330       0x33 ./src/MAIN/MainFunction.o
 .ARM.attributes
                0x0000000000000363       0x33 ./src/MAIN/UserInterface.o
 .ARM.attributes
                0x0000000000000396       0x33 ./src/MAIN/bme280.o
 .ARM.attributes
                0x00000000000003c9       0x33 ./src/MAIN/main.o
 .ARM.attributes
                0x00000000000003fc       0x33 /Users/nakagawayuki/git/RT-USB-PYROELECTRIC/LPCXpresso/workspace_THP/CMSISv1p30_LPC13xx/Debug/libCMSISv1p30_LPC13xx.a(system_LPC13xx.o)
 .ARM.attributes
                0x000000000000042f       0x33 /Applications/lpcxpresso_7.9.0_455/lpcxpresso/tools/bin/../lib/gcc/arm-none-eabi/4.9.3/../../../../arm-none-eabi/lib/armv7-m/libcr_semihost.a(_cr__main.o)
 .ARM.attributes
                0x0000000000000462       0x33 /Applications/lpcxpresso_7.9.0_455/lpcxpresso/tools/bin/../lib/gcc/arm-none-eabi/4.9.3/../../../../arm-none-eabi/lib/armv7-m/libcr_c.a(memcpy.o)
 .ARM.attributes
                0x0000000000000495       0x33 /Applications/lpcxpresso_7.9.0_455/lpcxpresso/tools/bin/../lib/gcc/arm-none-eabi/4.9.3/../../../../arm-none-eabi/lib/armv7-m/libcr_c.a(fpprintf.o)
 .ARM.attributes
                0x00000000000004c8       0x33 /Applications/lpcxpresso_7.9.0_455/lpcxpresso/tools/bin/../lib/gcc/arm-none-eabi/4.9.3/../../../../arm-none-eabi/lib/armv7-m/libcr_c.a(initio.o)
 .ARM.attributes
                0x00000000000004fb       0x33 /Applications/lpcxpresso_7.9.0_455/lpcxpresso/tools/bin/../lib/gcc/arm-none-eabi/4.9.3/../../../../arm-none-eabi/lib/armv7-m/libcr_c.a(printf.o)
 .ARM.attributes
                0x000000000000052e       0x33 /Applications/lpcxpresso_7.9.0_455/lpcxpresso/tools/bin/../lib/gcc/arm-none-eabi/4.9.3/../../../../arm-none-eabi/lib/armv7-m/libcr_c.a(setvbuf.o)
 .ARM.attributes
                0x0000000000000561       0x33 /Applications/lpcxpresso_7.9.0_455/lpcxpresso/tools/bin/../lib/gcc/arm-none-eabi/4.9.3/../../../../arm-none-eabi/lib/armv7-m/libcr_c.a(stdio.o)
 .ARM.attributes
                0x0000000000000594       0x33 /Applications/lpcxpresso_7.9.0_455/lpcxpresso/tools/bin/../lib/gcc/arm-none-eabi/4.9.3/../../../../arm-none-eabi/lib/armv7-m/libcr_c.a(strlen.o)
 .ARM.attributes
                0x00000000000005c7       0x33 /Applications/lpcxpresso_7.9.0_455/lpcxpresso/tools/bin/../lib/gcc/arm-none-eabi/4.9.3/../../../../arm-none-eabi/lib/armv7-m/libcr_c.a(memset.o)
 .ARM.attributes
                0x00000000000005fa       0x33 /Applications/lpcxpresso_7.9.0_455/lpcxpresso/tools/bin/../lib/gcc/arm-none-eabi/4.9.3/../../../../arm-none-eabi/lib/armv7-m/libcr_c.a(_deferredlazyseek.o)
 .ARM.attributes
                0x000000000000062d       0x33 /Applications/lpcxpresso_7.9.0_455/lpcxpresso/tools/bin/../lib/gcc/arm-none-eabi/4.9.3/../../../../arm-none-eabi/lib/armv7-m/libcr_c.a(_fdopen.o)
 .ARM.attributes
                0x0000000000000660       0x33 /Applications/lpcxpresso_7.9.0_455/lpcxpresso/tools/bin/../lib/gcc/arm-none-eabi/4.9.3/../../../../arm-none-eabi/lib/armv7-m/libcr_c.a(_fflush.o)
 .ARM.attributes
                0x0000000000000693       0x33 /Applications/lpcxpresso_7.9.0_455/lpcxpresso/tools/bin/../lib/gcc/arm-none-eabi/4.9.3/../../../../arm-none-eabi/lib/armv7-m/libcr_c.a(_frexpl.o)
 .ARM.attributes
                0x00000000000006c6       0x33 /Applications/lpcxpresso_7.9.0_455/lpcxpresso/tools/bin/../lib/gcc/arm-none-eabi/4.9.3/../../../../arm-none-eabi/lib/armv7-m/libcr_c.a(_ldexpl.o)
 .ARM.attributes
                0x00000000000006f9       0x33 /Applications/lpcxpresso_7.9.0_455/lpcxpresso/tools/bin/../lib/gcc/arm-none-eabi/4.9.3/../../../../arm-none-eabi/lib/armv7-m/libcr_c.a(_writebuf.o)
 .ARM.attributes
                0x000000000000072c       0x33 /Applications/lpcxpresso_7.9.0_455/lpcxpresso/tools/bin/../lib/gcc/arm-none-eabi/4.9.3/../../../../arm-none-eabi/lib/armv7-m/libcr_c.a(alloc.o)
 .ARM.attributes
                0x000000000000075f       0x33 /Applications/lpcxpresso_7.9.0_455/lpcxpresso/tools/bin/../lib/gcc/arm-none-eabi/4.9.3/../../../../arm-none-eabi/lib/armv7-m/libcr_c.a(errno.o)
 .ARM.attributes
                0x0000000000000792       0x33 /Applications/lpcxpresso_7.9.0_455/lpcxpresso/tools/bin/../lib/gcc/arm-none-eabi/4.9.3/../../../../arm-none-eabi/lib/armv7-m/libcr_c.a(fclose.o)
 .ARM.attributes
                0x00000000000007c5       0x33 /Applications/lpcxpresso_7.9.0_455/lpcxpresso/tools/bin/../lib/gcc/arm-none-eabi/4.9.3/../../../../arm-none-eabi/lib/armv7-m/libcr_c.a(fflush.o)
 .ARM.attributes
                0x00000000000007f8       0x33 /Applications/lpcxpresso_7.9.0_455/lpcxpresso/tools/bin/../lib/gcc/arm-none-eabi/4.9.3/../../../../arm-none-eabi/lib/armv7-m/libcr_c.a(fseek.o)
 .ARM.attributes
                0x000000000000082b       0x33 /Applications/lpcxpresso_7.9.0_455/lpcxpresso/tools/bin/../lib/gcc/arm-none-eabi/4.9.3/../../../../arm-none-eabi/lib/armv7-m/libcr_c.a(ftell.o)
 .ARM.attributes
                0x000000000000085e       0x33 /Applications/lpcxpresso_7.9.0_455/lpcxpresso/tools/bin/../lib/gcc/arm-none-eabi/4.9.3/../../../../arm-none-eabi/lib/armv7-m/libcr_c.a(remove.o)
 .ARM.attributes
                0x0000000000000891       0x33 /Applications/lpcxpresso_7.9.0_455/lpcxpresso/tools/bin/../lib/gcc/arm-none-eabi/4.9.3/../../../../arm-none-eabi/lib/armv7-m/libcr_c.a(__init_alloc.o)
 .ARM.attributes
                0x00000000000008c4       0x33 /Applications/lpcxpresso_7.9.0_455/lpcxpresso/tools/bin/../lib/gcc/arm-none-eabi/4.9.3/../../../../arm-none-eabi/lib/armv7-m/libcr_c.a(_cr_sbrk.o)
 .ARM.attributes
                0x00000000000008f7       0x33 /Applications/lpcxpresso_7.9.0_455/lpcxpresso/tools/bin/../lib/gcc/arm-none-eabi/4.9.3/../../../../arm-none-eabi/lib/armv7-m/libcr_c.a(_do_fflush.o)
 .ARM.attributes
                0x000000000000092a       0x33 /Applications/lpcxpresso_7.9.0_455/lpcxpresso/tools/bin/../lib/gcc/arm-none-eabi/4.9.3/../../../../arm-none-eabi/lib/armv7-m/libcr_c.a(_hugeval.o)
 .ARM.attributes
                0x000000000000095d       0x33 /Applications/lpcxpresso_7.9.0_455/lpcxpresso/tools/bin/../lib/gcc/arm-none-eabi/4.9.3/../../../../arm-none-eabi/lib/armv7-m/libcr_c.a(_cr_check_heap.o)
 .ARM.attributes
                0x0000000000000990       0x33 /Applications/lpcxpresso_7.9.0_455/lpcxpresso/tools/bin/../lib/gcc/arm-none-eabi/4.9.3/armv7-m/libcr_eabihelpers.a(double.o)
 .ARM.attributes
                0x00000000000009c3       0x21 /Applications/lpcxpresso_7.9.0_455/lpcxpresso/tools/bin/../lib/gcc/arm-none-eabi/4.9.3/armv7-m/libcr_eabihelpers.a(memcpy.o)
 .ARM.attributes
                0x00000000000009e4       0x21 /Applications/lpcxpresso_7.9.0_455/lpcxpresso/tools/bin/../lib/gcc/arm-none-eabi/4.9.3/../../../../arm-none-eabi/lib/armv7-m/libcr_semihost.a(__sys_appexit.o)
 .ARM.attributes
                0x0000000000000a05       0x21 /Applications/lpcxpresso_7.9.0_455/lpcxpresso/tools/bin/../lib/gcc/arm-none-eabi/4.9.3/../../../../arm-none-eabi/lib/armv7-m/libcr_semihost.a(__sys_close.o)
 .ARM.attributes
                0x0000000000000a26       0x21 /Applications/lpcxpresso_7.9.0_455/lpcxpresso/tools/bin/../lib/gcc/arm-none-eabi/4.9.3/../../../../arm-none-eabi/lib/armv7-m/libcr_semihost.a(__sys_flen.o)
 .ARM.attributes
                0x0000000000000a47       0x21 /Applications/lpcxpresso_7.9.0_455/lpcxpresso/tools/bin/../lib/gcc/arm-none-eabi/4.9.3/../../../../arm-none-eabi/lib/armv7-m/libcr_semihost.a(__sys_istty.o)
 .ARM.attributes
                0x0000000000000a68       0x21 /Applications/lpcxpresso_7.9.0_455/lpcxpresso/tools/bin/../lib/gcc/arm-none-eabi/4.9.3/../../../../arm-none-eabi/lib/armv7-m/libcr_semihost.a(__sys_remove.o)
 .ARM.attributes
                0x0000000000000a89       0x21 /Applications/lpcxpresso_7.9.0_455/lpcxpresso/tools/bin/../lib/gcc/arm-none-eabi/4.9.3/../../../../arm-none-eabi/lib/armv7-m/libcr_semihost.a(__sys_seek.o)
 .ARM.attributes
                0x0000000000000aaa       0x21 /Applications/lpcxpresso_7.9.0_455/lpcxpresso/tools/bin/../lib/gcc/arm-none-eabi/4.9.3/../../../../arm-none-eabi/lib/armv7-m/libcr_semihost.a(__sys_tmpnam.o)
 .ARM.attributes
                0x0000000000000acb       0x21 /Applications/lpcxpresso_7.9.0_455/lpcxpresso/tools/bin/../lib/gcc/arm-none-eabi/4.9.3/../../../../arm-none-eabi/lib/armv7-m/libcr_semihost.a(__sys_write.o)

.debug_frame    0x0000000000000000      0xec0
 .debug_frame   0x0000000000000000      0x170 ./src/USB/cdcuser.o
 .debug_frame   0x0000000000000170      0x180 ./src/USB/usbcore.o
 .debug_frame   0x00000000000002f0      0x28c ./src/USB/usbhw.o
 .debug_frame   0x000000000000057c       0x9c ./src/USB/usbuser.o
 .debug_frame   0x0000000000000618       0x88 ./src/PERIPHERAL/SystemTickTimer.o
 .debug_frame   0x00000000000006a0       0x80 ./src/PERIPHERAL/debug.o
 .debug_frame   0x0000000000000720      0x124 ./src/PERIPHERAL/gpio.o
 .debug_frame   0x0000000000000844       0x68 ./src/PERIPHERAL/i2c.o
 .debug_frame   0x00000000000008ac       0x20 ./src/PERIPHERAL/io.o
 .debug_frame   0x00000000000008cc       0x70 ./src/PERIPHERAL/timer.o
 .debug_frame   0x000000000000093c       0x4c ./src/PERIPHERAL/uart.o
 .debug_frame   0x0000000000000988       0x7c ./src/PERIPHERAL/usbTransmission.o
 .debug_frame   0x0000000000000a04       0xf4 ./src/OTHER/cr_startup_lpc13xx.o
 .debug_frame   0x0000000000000af8       0xb0 ./src/OTHER/serial.o
 .debug_frame   0x0000000000000ba8       0x64 ./src/MAIN/MainFunction.o
 .debug_frame   0x0000000000000c0c       0xb8 ./src/MAIN/UserInterface.o
 .debug_frame   0x0000000000000cc4      0x140 ./src/MAIN/bme280.o
 .debug_frame   0x0000000000000e04       0x40 ./src/MAIN/main.o
 .debug_frame   0x0000000000000e44       0x7c /Users/nakagawayuki/git/RT-USB-PYROELECTRIC/LPCXpresso/workspace_THP/CMSISv1p30_LPC13xx/Debug/libCMSISv1p30_LPC13xx.a(system_LPC13xx.o)
